Archive member included because of file (symbol)

c:/nxp/bstudio_nxp/workspace/JN-AN-1223v1014/Admin/JN-AN-1223-ZigBee-IoT-Gateway-Control-Bridge-v1014/../../../../sdk/JN-SW-4168/Components/Library\libZPSMAC_Mini_JN516x.a(zps_miniMac.o)
                              Diagnostics.o (symbol from plugin) (u16AvApsMessageTxRetry)
c:/nxp/bstudio_nxp/workspace/JN-AN-1223v1014/Admin/JN-AN-1223-ZigBee-IoT-Gateway-Control-Bridge-v1014/../../../../sdk/JN-SW-4168/Components/Library\libOS_JN516x.a(os.o)
                              os_gen.o (symbol from plugin) (os_vStart)
c:/nxp/bstudio_nxp/workspace/JN-AN-1223v1014/Admin/JN-AN-1223-ZigBee-IoT-Gateway-Control-Bridge-v1014/../../../../sdk/JN-SW-4168/Components/Library\libOS_JN516x.a(os_contirq_JN516x.o)
                              os_irq.o (os_UnclaimedException_W)
c:/nxp/bstudio_nxp/workspace/JN-AN-1223v1014/Admin/JN-AN-1223-ZigBee-IoT-Gateway-Control-Bridge-v1014/../../../../sdk/JN-SW-4168/Components/Library\libPWRM_JN516x.a(pwrm.o)
                              app_start.o (symbol from plugin) (PWRM_vManagePower)
c:/nxp/bstudio_nxp/workspace/JN-AN-1223v1014/Admin/JN-AN-1223-ZigBee-IoT-Gateway-Control-Bridge-v1014/../../../../sdk/JN-SW-4168/Components/Library\libPWRM_JN516x.a(pwrm_setjmp_JN516x.o)
                              pwrm.o (symbol from plugin) (setjmp)
c:/nxp/bstudio_nxp/workspace/JN-AN-1223v1014/Admin/JN-AN-1223-ZigBee-IoT-Gateway-Control-Bridge-v1014/../../../../sdk/JN-SW-4168/Components/Library\libPWRM_JN516x.a(pwrm_cold_start.o)
                              (AppColdStart)
c:/nxp/bstudio_nxp/workspace/JN-AN-1223v1014/Admin/JN-AN-1223-ZigBee-IoT-Gateway-Control-Bridge-v1014/../../../../sdk/JN-SW-4168/Components/Library\libPWRM_JN516x.a(pwrm_warm_start.o)
                              (AppWarmStart)
c:/nxp/bstudio_nxp/workspace/JN-AN-1223v1014/Admin/JN-AN-1223-ZigBee-IoT-Gateway-Control-Bridge-v1014/../../../../sdk/JN-SW-4168/Components/Library\libAES_SW_JN516x.a(aes_sw_mmo.o)
                              OTA.o (symbol from plugin) (AESSW_vMMOBlockUpdate)
c:/nxp/bstudio_nxp/workspace/JN-AN-1223v1014/Admin/JN-AN-1223-ZigBee-IoT-Gateway-Control-Bridge-v1014/../../../../sdk/JN-SW-4168/Components/Library\libPDUM_JN516x.a(pdum_nwk.o)
                              zps_miniMac.o (symbol from plugin) (PDUM_eNPduAllocate)
c:/nxp/bstudio_nxp/workspace/JN-AN-1223v1014/Admin/JN-AN-1223-ZigBee-IoT-Gateway-Control-Bridge-v1014/../../../../sdk/JN-SW-4168/Components/Library\libPDUM_JN516x.a(pdum_apl.o)
                              appZdpExtraction.o (symbol from plugin) (PDUM_u16APduInstanceReadNBO)
c:/nxp/bstudio_nxp/workspace/JN-AN-1223v1014/Admin/JN-AN-1223-ZigBee-IoT-Gateway-Control-Bridge-v1014/../../../../sdk/JN-SW-4168/Components/Library\libPDUM_JN516x.a(pdum.o)
                              pdum_nwk.o (symbol from plugin) (PDUM_u16SizeNBO)
c:/nxp/bstudio_nxp/workspace/JN-AN-1223v1014/Admin/JN-AN-1223-ZigBee-IoT-Gateway-Control-Bridge-v1014/../../../../sdk/JN-SW-4168/Components/Library\libZPSAPL_JN516x.a(zps_apl_af.o)
                              app_start.o (symbol from plugin) (ZPS_eAplAfInit)
c:/nxp/bstudio_nxp/workspace/JN-AN-1223v1014/Admin/JN-AN-1223-ZigBee-IoT-Gateway-Control-Bridge-v1014/../../../../sdk/JN-SW-4168/Components/Library\libZPSAPL_JN516x.a(zps_apl_af_apsde.o)
                              zps_gen.o (symbol from plugin) (zps_vHandleApsdeDataFragInd)
c:/nxp/bstudio_nxp/workspace/JN-AN-1223v1014/Admin/JN-AN-1223-ZigBee-IoT-Gateway-Control-Bridge-v1014/../../../../sdk/JN-SW-4168/Components/Library\libZPSAPL_JN516x.a(zps_apl_task.o)
                              zps_apl_af_apsde.o (symbol from plugin) (zps_vAplAfPostEvent)
c:/nxp/bstudio_nxp/workspace/JN-AN-1223v1014/Admin/JN-AN-1223-ZigBee-IoT-Gateway-Control-Bridge-v1014/../../../../sdk/JN-SW-4168/Components/Library\libZPSAPL_JN516x.a(zps_apl_apsde.o)
                              zps_apl_task.o (symbol from plugin) (ZPS_vAplRegisterApsdeDcfmIndCallbacks)
c:/nxp/bstudio_nxp/workspace/JN-AN-1223v1014/Admin/JN-AN-1223-ZigBee-IoT-Gateway-Control-Bridge-v1014/../../../../sdk/JN-SW-4168/Components/Library\libZPSAPL_JN516x.a(zps_apl_apsme.o)
                              zps_apl_task.o (symbol from plugin) (ZPS_vAplRegisterApsmeDcfmIndCallbacks)
c:/nxp/bstudio_nxp/workspace/JN-AN-1223v1014/Admin/JN-AN-1223-ZigBee-IoT-Gateway-Control-Bridge-v1014/../../../../sdk/JN-SW-4168/Components/Library\libZPSAPL_JN516x.a(zps_apl_aps_nlde.o)
                              zps_gen.o (symbol from plugin) (zps_vHandleExtendedDataAckFrame)
c:/nxp/bstudio_nxp/workspace/JN-AN-1223v1014/Admin/JN-AN-1223-ZigBee-IoT-Gateway-Control-Bridge-v1014/../../../../sdk/JN-SW-4168/Components/Library\libZPSAPL_JN516x.a(zps_apl_sec.o)
                              zps_apl_task.o (symbol from plugin) (zps_psFindKeyDescr)
c:/nxp/bstudio_nxp/workspace/JN-AN-1223v1014/Admin/JN-AN-1223-ZigBee-IoT-Gateway-Control-Bridge-v1014/../../../../sdk/JN-SW-4168/Components/Library\libZPSAPL_JN516x.a(zps_apl_aib.o)
[...]
Memory Configuration

Name             Origin             Length             Attributes
flash            0x0000000000080000 0x0000000000040000
ram              0x000000000400004c 0x0000000000007fb4
*default*        0x0000000000000000 0xffffffffffffffff

Linker script and memory map

                0x0000000000001964                __stack_size = 0x1964
                0x00000000000007d0                __minimum_heap_size = 0x7d0
START GROUP
LOAD os_gen.o
LOAD C:\Users\nxf37702\AppData\Local\Temp\cco4qXOv.ltrans0.ltrans.o
LOAD C:\Users\nxf37702\AppData\Local\Temp\cco4qXOv.ltrans1.ltrans.o
LOAD C:\Users\nxf37702\AppData\Local\Temp\cco4qXOv.ltrans2.ltrans.o
LOAD C:\Users\nxf37702\AppData\Local\Temp\cco4qXOv.ltrans3.ltrans.o
LOAD C:\Users\nxf37702\AppData\Local\Temp\cco4qXOv.ltrans4.ltrans.o
LOAD C:\Users\nxf37702\AppData\Local\Temp\cco4qXOv.ltrans5.ltrans.o
LOAD C:\Users\nxf37702\AppData\Local\Temp\cco4qXOv.ltrans6.ltrans.o
LOAD C:\Users\nxf37702\AppData\Local\Temp\cco4qXOv.ltrans7.ltrans.o
LOAD C:\Users\nxf37702\AppData\Local\Temp\cco4qXOv.ltrans8.ltrans.o
LOAD C:\Users\nxf37702\AppData\Local\Temp\cco4qXOv.ltrans9.ltrans.o
LOAD C:\Users\nxf37702\AppData\Local\Temp\cco4qXOv.ltrans10.ltrans.o
LOAD C:\Users\nxf37702\AppData\Local\Temp\cco4qXOv.ltrans11.ltrans.o
LOAD C:\Users\nxf37702\AppData\Local\Temp\cco4qXOv.ltrans12.ltrans.o
LOAD C:\Users\nxf37702\AppData\Local\Temp\cco4qXOv.ltrans13.ltrans.o
LOAD C:\Users\nxf37702\AppData\Local\Temp\cco4qXOv.ltrans14.ltrans.o
LOAD C:\Users\nxf37702\AppData\Local\Temp\cco4qXOv.ltrans15.ltrans.o
LOAD C:\Users\nxf37702\AppData\Local\Temp\cco4qXOv.ltrans16.ltrans.o
LOAD C:\Users\nxf37702\AppData\Local\Temp\cco4qXOv.ltrans17.ltrans.o
LOAD C:\Users\nxf37702\AppData\Local\Temp\cco4qXOv.ltrans18.ltrans.o
LOAD C:\Users\nxf37702\AppData\Local\Temp\cco4qXOv.ltrans19.ltrans.o
LOAD C:\Users\nxf37702\AppData\Local\Temp\cco4qXOv.ltrans20.ltrans.o
LOAD C:\Users\nxf37702\AppData\Local\Temp\cco4qXOv.ltrans21.ltrans.o
LOAD C:\Users\nxf37702\AppData\Local\Temp\cco4qXOv.ltrans22.ltrans.o
LOAD C:\Users\nxf37702\AppData\Local\Temp\cco4qXOv.ltrans23.ltrans.o
LOAD C:\Users\nxf37702\AppData\Local\Temp\cco4qXOv.ltrans24.ltrans.o
LOAD C:\Users\nxf37702\AppData\Local\Temp\cco4qXOv.ltrans25.ltrans.o
LOAD C:\Users\nxf37702\AppData\Local\Temp\cco4qXOv.ltrans26.ltrans.o
LOAD C:\Users\nxf37702\AppData\Local\Temp\cco4qXOv.ltrans27.ltrans.o
LOAD C:\Users\nxf37702\AppData\Local\Temp\cco4qXOv.ltrans28.ltrans.o
LOAD C:\Users\nxf37702\AppData\Local\Temp\cco4qXOv.ltrans29.ltrans.o
LOAD C:\Users\nxf37702\AppData\Local\Temp\cco4qXOv.ltrans30.ltrans.o
LOAD C:\Users\nxf37702\AppData\Local\Temp\cco4qXOv.ltrans31.ltrans.o
LOAD c:/nxp/bstudio_nxp/sdk/tools/ba-elf-ba2-r36379/bin/../lib/gcc/ba-elf/4.7.4/../../../../ba-elf/lib/mcpu_jn51xx_sizeopt\libc.a
LOAD c:/nxp/bstudio_nxp/sdk/tools/ba-elf-ba2-r36379/bin/../lib/gcc/ba-elf/4.7.4/mcpu_jn51xx_sizeopt\libgcc.a
LOAD c:/nxp/bstudio_nxp/sdk/tools/ba-elf-ba2-r36379/bin/../lib/gcc/ba-elf/4.7.4/../../../../ba-elf/lib/mcpu_jn51xx_sizeopt\libc.a
LOAD os_irq.o
LOAD os_irq_alignment.o
LOAD os_irq_buserror.o
LOAD os_irq_illegalinstruction.o
LOAD os_irq_stackoverflowexception.o
LOAD os_irq_unimplementedmodule.o
LOAD pdum_gen.o
LOAD zps_gen.o
LOAD app_Znc_cmds.o
LOAD app_Znc_zcltask.o
LOAD app_ZncParser_task.o
LOAD app_ZncCommission_task.o
LOAD app_start.o
LOAD SerialLink.o
LOAD uart.o
LOAD NumToString.o
LOAD app_timer_driver.o
LOAD ecb_decrypt.o
LOAD appZpsBeaconHandler.o
LOAD appZdpExtraction.o
LOAD pdum_apdu.o
LOAD app_scenes.o
LOAD app_ota_server.o
LOAD app_poll_control_commands_handler.o
LOAD app_zbp_utilities.o
LOAD AgeChildren.o
LOAD Alarms.o
LOAD AlarmsClientCommands.o
LOAD AlarmsCommandHandler.o
LOAD AlarmsServerCommands.o
LOAD AlarmsTableManager.o
LOAD AnalogInputBasic.o
LOAD AnalogOutputBasic.o
LOAD Basic.o
LOAD BasicClientCommands.o
LOAD BasicCommandHandler.o
LOAD BinaryInputBasic.o
LOAD BinaryOutputBasic.o
LOAD Commissioning.o
LOAD DeviceTemperatureConfiguration.o
LOAD Diagnostics.o
LOAD DoorLock.o
LOAD DoorLockCommandHandler.o
LOAD DoorLockCommands.o
LOAD ElectricalMeasurement.o
LOAD Groups.o
LOAD GroupsClientCommands.o
LOAD GroupsCommandHandler.o
LOAD GroupsServerCommands.o
LOAD GroupsTableManager.o
LOAD Identify.o
LOAD IdentifyClientCommands.o
LOAD IdentifyCommandHandler.o
LOAD IdentifyServerCommands.o
LOAD LevelControl.o
LOAD LevelControlClientCommands.o
LOAD LevelControlCommandHandler.o
LOAD MultistateInputBasic.o
LOAD MultistateOutputBasic.o
LOAD OOSC.o
LOAD OnOff.o
LOAD OnOffCommandHandler.o
LOAD OnOffCommands.o
LOAD PollControl.o
LOAD PollControlClientCommands.o
LOAD PollControlCommandHandler.o
LOAD PollControlServerCommands.o
LOAD PowerConfiguration.o
LOAD Scenes.o
LOAD ScenesClientCommands.o
LOAD ScenesClusterManagement.o
LOAD ScenesCommandHandler.o
LOAD ScenesServerCommands.o
LOAD ScenesTableManager.o
LOAD TC.o
LOAD Time.o
LOAD FlowMeasurement.o
LOAD IlluminanceLevelSensing.o
LOAD IlluminanceMeasurement.o
LOAD OccupancySensing.o
LOAD PressureMeasurement.o
LOAD RelativeHumidityMeasurement.o
LOAD TemperatureMeasurement.o
LOAD zll_CommissionCmdHandler.o
LOAD zll_UtilityCmdHandler.o
LOAD zll_commission.o
LOAD zll_utility.o
LOAD colour_light.o
LOAD colour_remote.o
LOAD colour_scene_remote.o
LOAD colour_temperature_light.o
LOAD commission_endpoint.o
LOAD control_bridge.o
LOAD dimmable_light.o
LOAD dimmable_plug.o
LOAD extended_colour_light.o
LOAD non_colour_remote.o
LOAD non_colour_scene_remote.o
LOAD on_off_light.o
LOAD on_off_plug.o
LOAD on_off_sensor.o
LOAD zll.o
LOAD BallastConfiguration.o
LOAD ColourControl.o
LOAD ColourControlClientCommands.o
LOAD ColourControlCommandHandler.o
LOAD ColourControlConversions.o
LOAD ApplianceControl.o
LOAD ApplianceControlClientCommands.o
LOAD ApplianceControlCommandHandler.o
LOAD ApplianceControlServerCommands.o
LOAD ApplianceEventsAndAlerts.o
LOAD ApplianceEventsAndAlertsClientCommands.o
LOAD ApplianceEventsAndAlertsCommandHandler.o
LOAD ApplianceEventsAndAlertsServerCommands.o
LOAD ApplianceIdentification.o
LOAD ApplianceStatistics.o
LOAD ApplianceStatisticsClientCommands.o
LOAD ApplianceStatisticsCommandHandler.o
LOAD ApplianceStatisticsServerCommands.o
LOAD PowerProfile.o
LOAD PowerProfileClientCommands.o
LOAD PowerProfileCommandHandler.o
LOAD PowerProfileServerCommands.o
LOAD home_gateway.o
LOAD white_goods.o
LOAD FanControl.o
LOAD Thermostat.o
LOAD ThermostatCommandHandler.o
LOAD ThermostatCommands.o
LOAD ThermostatUIConfig.o
LOAD temperature_sensor.o
LOAD thermostat_device.o
LOAD DRLC.o
LOAD DRLCCommandCanceAlllLoadControlEvents.o
LOAD DRLCCommandCancelLoadControlEvent.o
LOAD DRLCCommandGetScheduledEvents.o
LOAD DRLCCommandHandler.o
LOAD DRLCCommandLoadControlEvent.o
LOAD DRLCCommandReportEventStatus.o
LOAD DRLCCustomCommandResponsesClient.o
LOAD DRLCCustomCommandResponsesServer.o
LOAD DRLCEffectiveTime.o
LOAD DRLCScheduler.o
LOAD DRLCTableManagerNoMutex.o
LOAD DRLCTableManagerServer.o
LOAD DRLCUserEventOptInOut.o
LOAD Price.o
LOAD PriceBlockPeriodTableManager.o
LOAD PriceCalorificValueTableManager.o
LOAD PriceCommandGetBlockPeriod.o
LOAD PriceCommandGetCalorificValue.o
LOAD PriceCommandGetConversionFactor.o
LOAD PriceCommandGetCurrentPrice.o
LOAD PriceCommandGetScheduledPrices.o
LOAD PriceCommandPriceAck.o
LOAD PriceCommandPublishBlockPeriod.o
LOAD PriceCommandPublishBlockPeriodReceive.o
LOAD PriceCommandPublishCalorificValue.o
LOAD PriceCommandPublishCalorificValueReceive.o
LOAD PriceCommandPublishConversionFactor.o
LOAD PriceCommandPublishConversionFactorReceive.o
LOAD PriceCommandPublishPrice.o
LOAD PriceCommandPublishPriceReceive.o
LOAD PriceConversionFactorTableManager.o
LOAD PriceCustomCommandHandler.o
LOAD PriceCustomCommandResponses.o
LOAD PriceScheduler.o
LOAD PriceServerAttributeManager.o
LOAD PriceTableManager.o
LOAD SimpleMetering.o
LOAD SimpleMeteringCommandHandler.o
LOAD SimpleMetering_SendRequest.o
LOAD IASACE.o
LOAD IASACEClientCommands.o
LOAD IASACECommandHandler.o
LOAD IASACEServerCommands.o
LOAD IASWD.o
LOAD IASWDCommandHandler.o
LOAD IASWDCommands.o
LOAD IASZone.o
LOAD IASZoneCommandHandler.o
LOAD IASZoneCommands.o
LOAD ancillary_control_equipment.o
LOAD control_and_indicating_equipment.o
LOAD warning_device.o
LOAD zone.o
LOAD dlist.o
LOAD zcl.o
LOAD zcl_CustomCommandReceive.o
LOAD zcl_CustomCommandSend.o
LOAD zcl_PDUbufferReadWrite.o
LOAD zcl_PDUbufferReadWriteString.o
LOAD zcl_WriteAttributesRequestHandle.o
LOAD zcl_WriteAttributesRequestSend.o
LOAD zcl_WriteAttributesResponseHandle.o
LOAD zcl_attribute.o
LOAD zcl_buffer.o
LOAD zcl_clusterCommand.o
LOAD zcl_command.o
LOAD zcl_configureReportingCommandHandle.o
LOAD zcl_configureReportingCommandSend.o
LOAD zcl_configureReportingResponseHandle.o
LOAD zcl_defaultResponse.o
LOAD zcl_discoverAttributesExtendedRequestHandle.o
LOAD zcl_discoverAttributesExtendedRequestSend.o
LOAD zcl_discoverAttributesExtendedResponseHandle.o
LOAD zcl_discoverAttributesRequestHandle.o
LOAD zcl_discoverAttributesRequestSend.o
LOAD zcl_discoverAttributesResponseHandle.o
LOAD zcl_discoverCommandsRequestHandle.o
LOAD zcl_discoverCommandsRequestSend.o
LOAD zcl_discoverCommandsResponseHandle.o
LOAD zcl_event.o
LOAD zcl_heap.o
LOAD zcl_library_options.o
LOAD zcl_readAttributesRequestHandle.o
LOAD zcl_readAttributesRequestSend.o
LOAD zcl_readAttributesResponseHandle.o
LOAD zcl_readReportingConfigurationCommandHandle.o
LOAD zcl_readReportingConfigurationCommandSend.o
LOAD zcl_readReportingConfigurationResponseHandle.o
LOAD zcl_reportManager.o
LOAD zcl_reportMaths.o
LOAD zcl_reportScheduler.o
LOAD zcl_reportStringHandling.o
LOAD zcl_reportStructure.o
LOAD zcl_search.o
LOAD zcl_timer.o
LOAD zcl_transmit.o
LOAD OTA.o
LOAD OTA_ClientUpgradeManager.o
LOAD OTA_CustomCommandHandler.o
LOAD OTA_CustomReceiveCommands.o
LOAD OTA_ServerUpgradeManager.o
LOAD OTA_client.o
LOAD OTA_common.o
LOAD OTA_server.o
LOAD c:/nxp/bstudio_nxp/workspace/JN-AN-1223v1014/Admin/JN-AN-1223-ZigBee-IoT-Gateway-Control-Bridge-v1014/../../../../sdk/JN-SW-4168/Components/Library\libZPSMAC_Mini_JN516x.a
LOAD c:/nxp/bstudio_nxp/workspace/JN-AN-1223v1014/Admin/JN-AN-1223-ZigBee-IoT-Gateway-Control-Bridge-v1014/../../../../sdk/JN-SW-4168/Components/Library\libOS_JN516x.a
LOAD c:/nxp/bstudio_nxp/workspace/JN-AN-1223v1014/Admin/JN-AN-1223-ZigBee-IoT-Gateway-Control-Bridge-v1014/../../../../sdk/JN-SW-4168/Components/Library\libPWRM_JN516x.a
LOAD c:/nxp/bstudio_nxp/workspace/JN-AN-1223v1014/Admin/JN-AN-1223-ZigBee-IoT-Gateway-Control-Bridge-v1014/../../../../sdk/JN-SW-4168/Components/Library\libZPSTSV_JN516x.a
LOAD c:/nxp/bstudio_nxp/workspace/JN-AN-1223v1014/Admin/JN-AN-1223-ZigBee-IoT-Gateway-Control-Bridge-v1014/../../../../sdk/JN-SW-4168/Components/Library\libAES_SW_JN516x.a
LOAD c:/nxp/bstudio_nxp/workspace/JN-AN-1223v1014/Admin/JN-AN-1223-ZigBee-IoT-Gateway-Control-Bridge-v1014/../../../../sdk/JN-SW-4168/Components/Library\libPDUM_JN516x.a
LOAD c:/nxp/bstudio_nxp/workspace/JN-AN-1223v1014/Admin/JN-AN-1223-ZigBee-IoT-Gateway-Control-Bridge-v1014/../../../../sdk/JN-SW-4168/Components/Library\libZPSAPL_JN516x.a
LOAD c:/nxp/bstudio_nxp/workspace/JN-AN-1223v1014/Admin/JN-AN-1223-ZigBee-IoT-Gateway-Control-Bridge-v1014/../../../../sdk/JN-SW-4168/Components/Library\libRandom_JN516x.a
LOAD c:/nxp/bstudio_nxp/workspace/JN-AN-1223v1014/Admin/JN-AN-1223-ZigBee-IoT-Gateway-Control-Bridge-v1014/../../../../sdk/JN-SW-4168/Components/Library\libPDM_EEPROM_JN516x.a
LOAD c:/nxp/bstudio_nxp/workspace/JN-AN-1223v1014/Admin/JN-AN-1223-ZigBee-IoT-Gateway-Control-Bridge-v1014/../../../../sdk/JN-SW-4168/Components/Library\libDBG_JN516x.a
LOAD c:/nxp/bstudio_nxp/workspace/JN-AN-1223v1014/Admin/JN-AN-1223-ZigBee-IoT-Gateway-Control-Bridge-v1014/../../../../sdk/JN-SW-4168/Components/Library\libZPSZLL_JN516x.a
LOAD c:/nxp/bstudio_nxp/workspace/JN-AN-1223v1014/Admin/JN-AN-1223-ZigBee-IoT-Gateway-Control-Bridge-v1014/../../../../sdk/JN-SW-4168/Components/Library\libZPSNWK_JN516x.a
LOAD c:/nxp/bstudio_nxp/workspace/JN-AN-1223v1014/Admin/JN-AN-1223-ZigBee-IoT-Gateway-Control-Bridge-v1014/../../../../sdk/JN-SW-4168/Components/Library\libMiniMac_JN516x.a
LOAD c:/nxp/bstudio_nxp/workspace/JN-AN-1223v1014/Admin/JN-AN-1223-ZigBee-IoT-Gateway-Control-Bridge-v1014/../../../../sdk/JN-SW-4168/Components/Library\libMiniMacShim_JN516x.a
LOAD c:/nxp/bstudio_nxp/workspace/JN-AN-1223v1014/Admin/JN-AN-1223-ZigBee-IoT-Gateway-Control-Bridge-v1014/../../../../sdk/JN-SW-4168/Components/Library\libMMAC_JN516x.a
LOAD c:/nxp/bstudio_nxp/workspace/JN-AN-1223v1014/Admin/JN-AN-1223-ZigBee-IoT-Gateway-Control-Bridge-v1014/../../../../sdk/JN-SW-4168/Components/Library\libAes_JN516x.a
LOAD c:/nxp/bstudio_nxp/workspace/JN-AN-1223v1014/Admin/JN-AN-1223-ZigBee-IoT-Gateway-Control-Bridge-v1014/../../../../sdk/JN-SW-4168/Components/Library\libHardwareApi_JN516x.a
LOAD c:/nxp/bstudio_nxp/workspace/JN-AN-1223v1014/Admin/JN-AN-1223-ZigBee-IoT-Gateway-Control-Bridge-v1014/../../../../sdk/JN-SW-4168/Components/Library\libMicroSpecific_JN516x.a
LOAD c:/nxp/bstudio_nxp/workspace/JN-AN-1223v1014/Admin/JN-AN-1223-ZigBee-IoT-Gateway-Control-Bridge-v1014/../../../../sdk/JN-SW-4168/Components/Library\libBoot_JN516x.a
LOAD c:/nxp/bstudio_nxp/workspace/JN-AN-1223v1014/Admin/JN-AN-1223-ZigBee-IoT-Gateway-Control-Bridge-v1014/../../../../sdk/JN-SW-4168/Platform/DK2/Library\libBoardLib_JN516x.a
LOAD c:/nxp/bstudio_nxp/sdk/tools/ba-elf-ba2-r36379/bin/../lib/gcc/ba-elf/4.7.4/../../../../ba-elf/lib/mcpu_jn51xx_sizeopt\libm.a
END GROUP
LOAD c:/nxp/bstudio_nxp/sdk/tools/ba-elf-ba2-r36379/bin/../lib/gcc/ba-elf/4.7.4/../../../../ba-elf/lib/mcpu_jn51xx_sizeopt\libc.a
LOAD c:/nxp/bstudio_nxp/sdk/tools/ba-elf-ba2-r36379/bin/../lib/gcc/ba-elf/4.7.4/mcpu_jn51xx_sizeopt\libgcc.a
LOAD c:/nxp/bstudio_nxp/sdk/tools/ba-elf-ba2-r36379/bin/../lib/gcc/ba-elf/4.7.4/../../../../ba-elf/lib/mcpu_jn51xx_sizeopt\libc.a
                0x0000000000080038                _exception_vsr_table = 0x80038
                0x0000000004000000                pSPIflashFncTable = 0x4000000
                0x0000000000000044                restore_state = 0x44
                0x000000000000004a                bZSPIWaitWIPClear = 0x4a
                0x0000000000000050                u16ZSPIflashRDID = 0x50
                0x0000000000000056                u8SelectFlashChipType = 0x56
                0x000000000000005c                memcpy = 0x5c
                0x0000000000000066                vBootFlashProg = 0x66
                [0x00000000000007d0]                __minimum_heap_size = DEFINED (__minimum_heap_size)?__minimum_heap_size:0xd16
                [0x0000000000001964]                __stack_size = DEFINED (__stack_size)?__stack_size:0x800
                0x0000000000000000                _SwConfig = (DEFINED (g_bSWConf_Debug) | (DEFINED (g_bSWConf_AltDebugPort) << 0x1))

.version        0x000000000007fffc        0x4
                0x000000000007fffc        0x4 LONG 0x7030008

.bir            0x0000000000080000       0x10
                0x0000000000080000                _flash_start = ABSOLUTE (.)
                0x0000000000080000                _flash_beg = ABSOLUTE (.)
                0x0000000000080000        0x4 LONG 0x12345678
                0x0000000000080004        0x4 LONG 0x11223344
                0x0000000000080008        0x4 LONG 0x55667788
                0x000000000008000c        0x1 BYTE 0x8
                0x000000000008000d        0x1 BYTE 0x1
                0x000000000008000e        0x2 SHORT 0x0

.flashheader    0x0000000000080010       0x28
                0x0000000000080010        0x4 LONG 0x0
                0x0000000000080014        0x4 LONG 0x0
                0x0000000000080018        0x4 LONG 0x0
                0x000000000008001c        0x2 SHORT 0x0
                0x000000000008001e        0x2 SHORT 0x0 ABSOLUTE (_SwConfig)
                0x0000000000080020                _enc_start = ABSOLUTE (.)
                0x0000000000080020        0x4 LONG 0x2d664 ABSOLUTE (_image_len)
                0x0000000000080024        0x4 LONG 0xaccf0 ABSOLUTE (_flash_data_start)
                0x0000000000080028        0x2 SHORT 0x13 ((ABSOLUTE (_ram_data_start) / 0x4) & 0xffff)
                0x000000000008002a        0x2 SHORT 0x25d ((ABSOLUTE (_ram_data_len) / 0x4) & 0xffff)
                0x000000000008002c        0x2 SHORT 0x270 ((ABSOLUTE (_bss_start) / 0x4) & 0xffff)
                0x000000000008002e        0x2 SHORT 0x157c ((ABSOLUTE (_bss_len) / 0x4) & 0xffff)
                0x0000000000080030        0x4 LONG 0xabf69 ABSOLUTE (AppWarmStart)
                0x0000000000080034        0x4 LONG 0xabf85 ABSOLUTE (AppColdStart)
                0x0000000000000000                _enc_offset = (_enc_start & 0xf)

.ro_mac_address
                0x0000000000080040       0x10
                0x0000000000080040                _FlsMACAddress = ABSOLUTE (.)
 *(.ro_mac_address)
 .ro_mac_address
                0x0000000000080040        0x8 C:\Users\nxf37702\AppData\Local\Temp\cco4qXOv.ltrans6.ltrans.o
                0x0000000000080050                . = ALIGN (0x10)
 *fill*         0x0000000000080048        0x8 00

.ro_ota_header  0x0000000000080050       0x50
                0x0000000000080050                _FlsOtaHeader = ABSOLUTE (.)
 *(.ro_ota_header)
 .ro_ota_header
                0x0000000000080050       0x45 C:\Users\nxf37702\AppData\Local\Temp\cco4qXOv.ltrans6.ltrans.o
                0x00000000000800a0                . = ALIGN (0x10)
 *fill*         0x0000000000080095        0xb 00

.ro_se_lnkKey   0x00000000000800a0        0x0
                0x00000000000800a0                _FlsLinkKey = ABSOLUTE (.)
 *(.ro_se_lnkKey)
                0x00000000000800a0                . = ALIGN (0x10)

.rodata         0x00000000000800a0     0x1310
 *(.rodata*)
 .rodata.str1.1
                0x00000000000800a0       0x2b C:\Users\nxf37702\AppData\Local\Temp\cco4qXOv.ltrans0.ltrans.o
                                         0x3f (size before relaxing)
 .rodata.str1.1
                0x00000000000800cb       0x1c C:\Users\nxf37702\AppData\Local\Temp\cco4qXOv.ltrans1.ltrans.o
 *fill*         0x00000000000800e7        0x1 00
 .rodata        0x00000000000800e8      0x18c C:\Users\nxf37702\AppData\Local\Temp\cco4qXOv.ltrans1.ltrans.o
 .rodata        0x0000000000080274      0x140 C:\Users\nxf37702\AppData\Local\Temp\cco4qXOv.ltrans2.ltrans.o
 .rodata.str1.1
                0x0000000000000000       0x1c C:\Users\nxf37702\AppData\Local\Temp\cco4qXOv.ltrans2.ltrans.o
                                          0x8 (size before relaxing)
 .rodata.str1.1
                0x00000000000803b4        0x6 C:\Users\nxf37702\AppData\Local\Temp\cco4qXOv.ltrans3.ltrans.o
                                          0xe (size before relaxing)
 .rodata.str1.1
                0x0000000000000000        0x6 C:\Users\nxf37702\AppData\Local\Temp\cco4qXOv.ltrans4.ltrans.o
                                          0x7 (size before relaxing)
 *fill*         0x00000000000803ba        0x2 00
 .rodata        0x00000000000803bc       0x18 C:\Users\nxf37702\AppData\Local\Temp\cco4qXOv.ltrans5.ltrans.o
 .rodata.str1.1
                0x00000000000803d4        0x7 C:\Users\nxf37702\AppData\Local\Temp\cco4qXOv.ltrans5.ltrans.o
                                         0x1c (size before relaxing)
 .rodata.str1.1
                0x00000000000803db       0x1b C:\Users\nxf37702\AppData\Local\Temp\cco4qXOv.ltrans6.ltrans.o
 .rodata.str1.1
                0x00000000000803f6        0x6 C:\Users\nxf37702\AppData\Local\Temp\cco4qXOv.ltrans7.ltrans.o
                                         0x15 (size before relaxing)
 .rodata        0x00000000000803fc       0x1c C:\Users\nxf37702\AppData\Local\Temp\cco4qXOv.ltrans7.ltrans.o
                0x00000000000803fc                zps_pacNwkFrmStdHdrFmt
                0x0000000000080400                au32NwkPdmRecordOffsets
 .rodata.str1.1
                0x0000000000000000        0x3 C:\Users\nxf37702\AppData\Local\Temp\cco4qXOv.ltrans8.ltrans.o
 .rodata.str1.1
                0x0000000000000000        0x6 C:\Users\nxf37702\AppData\Local\Temp\cco4qXOv.ltrans10.ltrans.o
 .rodata        0x0000000000080418       0x50 C:\Users\nxf37702\AppData\Local\Temp\cco4qXOv.ltrans10.ltrans.o
                0x0000000000080418                pfnCallbackMcps
                0x000000000008041c                g_u32NwkFcSaveCountBitShift
 .rodata.str1.1
                0x0000000000080468       0x25 C:\Users\nxf37702\AppData\Local\Temp\cco4qXOv.ltrans12.ltrans.o
                                         0x39 (size before relaxing)
 *fill*         0x000000000008048d        0x3 00
 .rodata        0x0000000000080490      0x1dc C:\Users\nxf37702\AppData\Local\Temp\cco4qXOv.ltrans12.ltrans.o
                0x0000000000080490                s_apsStSceTbl.192467
                0x00000000000804a4                s_aprIdleStHandleCme.202448
                0x00000000000804b8                s_aprActvStHandleCme.198580
                0x00000000000804f0                zps_sJoinSceTbl
                0x00000000000804fc                zps_sActvSceTbl
 .rodata.str1.1
                0x000000000008066c        0x5 C:\Users\nxf37702\AppData\Local\Temp\cco4qXOv.ltrans13.ltrans.o
                                         0x17 (size before relaxing)
 .rodata.str1.1
                0x0000000000000000        0x5 C:\Users\nxf37702\AppData\Local\Temp\cco4qXOv.ltrans14.ltrans.o
                                          0xf (size before relaxing)
 .rodata        0x0000000000080671        0x7 C:\Users\nxf37702\AppData\Local\Temp\cco4qXOv.ltrans14.ltrans.o
                0x0000000000080671                u8MacNwkTriesTimeout
 .rodata.str1.1
                0x0000000000000000        0x4 C:\Users\nxf37702\AppData\Local\Temp\cco4qXOv.ltrans15.ltrans.o
 .rodata.str1.1
                0x0000000000000000        0x4 C:\Users\nxf37702\AppData\Local\Temp\cco4qXOv.ltrans16.ltrans.o
 .rodata        0x0000000000080678       0x14 C:\Users\nxf37702\AppData\Local\Temp\cco4qXOv.ltrans16.ltrans.o
                0x0000000000080678                gMAC_u8MaxBuffers
                0x000000000008067c                g_u32ApsFcSaveCountBitShift
                0x0000000000080680                u8MaxZpsConfigEp
                0x0000000000080681                au8EpMapPresent
                0x0000000000080684                s_groupPdmTable
 .rodata.str1.1
                0x000000000008068c      0x15d C:\Users\nxf37702\AppData\Local\Temp\cco4qXOv.ltrans17.ltrans.o
                                        0x167 (size before relaxing)
 .rodata.str1.1
                0x00000000000807e9        0xd C:\Users\nxf37702\AppData\Local\Temp\cco4qXOv.ltrans18.ltrans.o
                                         0x1c (size before relaxing)
 .rodata.str1.1
                0x00000000000807f6        0x5 C:\Users\nxf37702\AppData\Local\Temp\cco4qXOv.ltrans19.ltrans.o
 .rodata        0x00000000000807fb        0x8 C:\Users\nxf37702\AppData\Local\Temp\cco4qXOv.ltrans19.ltrans.o
 .rodata.str1.1
                0x0000000000080803       0x2a C:\Users\nxf37702\AppData\Local\Temp\cco4qXOv.ltrans20.ltrans.o
                                         0x4e (size before relaxing)
 .rodata.str1.1
                0x000000000008082d       0x4b C:\Users\nxf37702\AppData\Local\Temp\cco4qXOv.ltrans21.ltrans.o
                                         0x58 (size before relaxing)
 .rodata.str1.1
                0x0000000000080878       0xa7 C:\Users\nxf37702\AppData\Local\Temp\cco4qXOv.ltrans22.ltrans.o
                                         0xb4 (size before relaxing)
 .rodata.str1.1
                0x0000000000000000        0x8 C:\Users\nxf37702\AppData\Local\Temp\cco4qXOv.ltrans23.ltrans.o
 .rodata.str1.1
                0x000000000008091f        0x6 C:\Users\nxf37702\AppData\Local\Temp\cco4qXOv.ltrans24.ltrans.o
 .rodata.str1.1
                0x0000000000080925       0x69 C:\Users\nxf37702\AppData\Local\Temp\cco4qXOv.ltrans26.ltrans.o
                                         0x6a (size before relaxing)
 .rodata.str1.1
                0x000000000008098e       0xab C:\Users\nxf37702\AppData\Local\Temp\cco4qXOv.ltrans27.ltrans.o
                                         0xe5 (size before relaxing)
 *fill*         0x0000000000080a39        0x1 00
 .rodata        0x0000000000080a3a        0xa C:\Users\nxf37702\AppData\Local\Temp\cco4qXOv.ltrans27.ltrans.o
                0x0000000000080a3a                u16ActiveEDAddress.14447
 .rodata        0x0000000000080a44      0x318 C:\Users\nxf37702\AppData\Local\Temp\cco4qXOv.ltrans28.ltrans.o
                0x0000000000080c44                gu32ZCLVersion
                0x0000000000080c48                ZPS_g_u32MacVersion
                0x0000000000080c4c                OS_g_u32Version
                0x0000000000080c50                PDUM_g_u32Version
                0x0000000000080c54                ZPS_g_u32TsvVersion
 .rodata.str1.1
                0x0000000000080d5c       0x5a C:\Users\nxf37702\AppData\Local\Temp\cco4qXOv.ltrans29.ltrans.o
 .rodata        0x0000000000080db6      0x116 C:\Users\nxf37702\AppData\Local\Temp\cco4qXOv.ltrans29.ltrans.o
 .rodata.str1.1
                0x0000000000080ecc       0x14 C:\Users\nxf37702\AppData\Local\Temp\cco4qXOv.ltrans31.ltrans.o
 .rodata        0x0000000000080ee0      0x4d0 C:\Users\nxf37702\AppData\Local\Temp\cco4qXOv.ltrans31.ltrans.o
                0x0000000000080ee0                zps_g_pvApl
                0x0000000000080ee4                au32UartAddrOffset
                0x0000000000080eec                pwrm_psWakeupCallbacks

.text           0x00000000000813b0    0x2b93e
 *(.text*)
 .text          0x00000000000813b0     0x39cc C:\Users\nxf37702\AppData\Local\Temp\cco4qXOv.ltrans0.ltrans.o
                0x00000000000813b0                APP_TIMER_Version_1v0
                0x00000000000813b0                vProcessIncomingSerialCommands
 .text          0x0000000000084d7c     0x17bc C:\Users\nxf37702\AppData\Local\Temp\cco4qXOv.ltrans1.ltrans.o
                0x0000000000084d7c                vInitialiseApp.9901
 .text          0x0000000000086538     0x19a0 C:\Users\nxf37702\AppData\Local\Temp\cco4qXOv.ltrans2.ltrans.o
                0x0000000000086538                os_bAPP_cbSetTickTimerCompare
                0x000000000008668e                vMMAC_IntHandlerBbc
                0x00000000000866a8                eBasicTxCompleteHandler
                0x00000000000866ad                vTxRxTimeout.209495
                0x000000000008670a                eSmeAcScBeaconInd.200543
                0x0000000000086766                eSmeASFlBeaconInd.200378
                0x00000000000867f4                zps_eNwkHandleSmePollDcfm
                0x000000000008681e                eLeaveDataDcfmRemoteLeave.205125
                0x0000000000086867                eSmeGenlScanDcfm.200370
                0x00000000000868c5                eSmeEdScScanDcfm.200366
                0x000000000008690e                eSmeAcScBeaconInd.200386
                0x0000000000086a16                eSmeUDNTBeaconInd.200362
                0x0000000000086a39                vDisplayNT
                0x0000000000086a53                iPDM_FilterDuplicateAppendedSegmentsOnList.186190
                0x0000000000086a97                APP_vConfigureDevice
                0x0000000000086b02                ZPS_bIsMacAddressUsedInApsTable
                0x0000000000086bb8                eCLD_GroupsCheckGroupExists
                0x0000000000086c25                ZPS_eTsvOpen
                0x0000000000086c3f                zps_vNwkBttMgrInit
                0x0000000000086c6d                vMicroIntEnableOnly.constprop.193
                0x0000000000086c99                vACI_OptimisedCcmStar.constprop.187
                0x0000000000086e85                zps_eNwkRtDiscMatch.constprop.184
                0x0000000000086ed8                vMiniMac_MLME_SetReq_PanId
                0x0000000000086f15                vMiniMac_MLME_SetReq_ShortAddr
                0x0000000000086f23                pvZCL_HeapAlloc.part.0.88711.constprop.90
                0x0000000000086f5d                bAHI_FlashInit.constprop.75
                0x00000000000870d4                vOtaFlashInitHw
                0x00000000000870d6                vAHI_WakeTimerStop.part.3.211518.constprop.40
                0x00000000000870f1                psSearchList.75751.constprop.21
                0x0000000000087114                vAHI_SpiRestoreConfiguration.constprop.12
                0x0000000000087155                vAHI_SpiReadConfiguration.constprop.9
                0x0000000000087186                vConfigureSpi
                0x00000000000871c6                vOtaFlashRead
                0x0000000000087207                pvHeap_Alloc
                0x000000000008720a                vMicroIntRestoreState
                0x0000000000087216                TSV_eStart
                0x0000000000087266                bAHI_WriteEEPROMfixSegmentData
                0x00000000000872c4                bAHI_InitialiseEEPROM
                0x000000000008730c                vAHI_ReadDataFromEEPROMregister
                0x0000000000087339                vAHI_WriteDataIntoEEPROMregister
                0x0000000000087369                iAHI_WriteDataIntoEEPROMsegment.constprop.189
                0x00000000000873b7                iPDM_WriteSegmentHeaderDataIntoEEPROMsegment
                0x00000000000873e6                u32RaiseDigitalVoltage
                0x0000000000087406                vAHI_UartReset.part.4.211272
                0x000000000008743e                vAHI_UartSetBaudDivisor.part.1.211252
                0x000000000008747d                vAHI_OptimiseWaitStates
                0x00000000000874c9                bAHI_GetClkSource
                0x00000000000874d6                vAHI_CpuDoze
                0x00000000000874e9                vAHI_SwReset
                0x000000000008751a                vAHI_DioSetOutput
                0x000000000008752e                bACI_WriteKey
                0x0000000000087748                vTransformKey.isra.0.110497
                0x0000000000087778                eDecryptKey.9431
                0x0000000000087b5f                vRadioToOff
                0x0000000000087b7c                eAppApiDefPlmeGet.part.0.209757
                0x0000000000087b8b                psSearchForFrameToSend
                0x0000000000087be3                eMiniMac_FrameInProgress
                0x0000000000087c0e                vRemoveFromTxQueue
                0x0000000000087c4a                vAddToTxQueue
                0x0000000000087c80                vEnableReceive.209499
                0x0000000000087cba                vStartReceive
                0x0000000000087cd5                u8GetHeaderSize
                0x0000000000087cfd                vMiniMac_PLME_SetReq_CcaMode
                0x0000000000087d11                vMiniMac_MLME_SetReq_MaxCsmaBackoffs
                0x0000000000087d31                vMiniMac_MLME_SetReq_MaxBe
                0x0000000000087d54                vMiniMac_MLME_SetReq_MinBe
                0x0000000000087d77                zps_vSendJoinInd
                0x0000000000087de9                zps_psFormatCmdFrameGeneral
                0x0000000000087e76                zps_eNwkFormStInit
                0x0000000000087e8b                vSendDcfm.201064
                0x0000000000087eb1                bCheckMatchingEntry.200538
 .text.unlikely
                0x0000000000087ed8      0x150 C:\Users\nxf37702\AppData\Local\Temp\cco4qXOv.ltrans2.ltrans.o
                0x0000000000087eed                vAHI_MemoryHold.210952
                0x0000000000087fa0                eEncryptKey.9295
 .text          0x0000000000088028     0x167d C:\Users\nxf37702\AppData\Local\Temp\cco4qXOv.ltrans3.ltrans.o
                0x0000000000088028                DBG_vUartFlush
                0x0000000000088055                os_u32APP_cbGetTickTimer
                0x0000000000088101                boIdValueSearchMatch.185016
                0x000000000008815b                vDispatch.101682
                0x000000000008822d                OS_eStopSWTimer
                0x0000000000088351                os_vAPP_ID_Task
                0x0000000000088372                OS_eStartSWTimer
                0x0000000000088495                os_vAPP_cbToggleLED
                0x0000000000088531                OS_ePostMessage
                0x0000000000088693                os_vApp_TransportKeyCallback
                0x00000000000886b3                os_vAPP_CommissionTimerTask
                0x00000000000886c9                OS_eExitCriticalSection
                0x00000000000887aa                OS_eActivateTask
                0x0000000000088845                vPostMlmeDcfmInd.121998
                0x00000000000888e8                u16ZCL_APduInstanceWriteStringNBO
                0x00000000000889b2                u16ZCL_APduInstanceReadStringNBO
                0x0000000000088a8b                u16ZCL_APduInstanceWriteNBO
                0x0000000000088b1b                u16ZCL_WriteCommandHeader
                0x0000000000088b93                u16ZCL_APduInstanceReadNBO
                0x0000000000088c7c                u16ZCL_ReadCommandHeader.part.0.80724
                0x0000000000088cf3                u16ZCL_ReadCommandHeader
                0x0000000000088d01                eCLD_BasicCommandHandler
                0x0000000000088d2f                eCLD_OnOffCommandHandler
                0x0000000000088d4c                u8ZdoEndDeviceBindServerUnpackApdu
                0x0000000000088ddc                eZCL_GetAttributeTypeSizeFromBuffer
                0x0000000000088e56                iPDM_ReadUserDataFromEEPROMsegment
                0x0000000000088ed0                iPDM_ReCalculateWearCountAndChecksumAndWriteFileSystemHeader
                0x0000000000088f1a                vPDM_SetEEPROMandFileSystemValidState
                0x0000000000088f41                iPDM_ReadUserDataFromFileSystemRecord
                0x0000000000088f61                vPDM_WriteFileSystemRecordAndSegmentDataIntoEEPROMsegment
                0x0000000000088f9c                iPDM_ReadSegmentHeaderDataFromEEPROMsegment
                0x0000000000088ff5                u16ZCL_GetTxPayloadSize
                0x000000000008902d                u8ZdoBindUnbindServerUnpackApdu
                0x000000000008907c                PWRM_vWakeInterruptCallback
                0x0000000000089101                vSetChannelAndPower
                0x00000000000892f3                vMiniMac_NextTransaction
                0x000000000008935d                vPostTxActions.209543
                0x000000000008939b                vMiniMac_PLME_SetReq_Power
                0x00000000000893b0                vMiniMac_PLME_SetReq_Channel
                0x00000000000893b9                ZPS_vNwkNibClearTables
                0x00000000000894de                eCLD_GroupsCreateGroups.constprop.102
                0x000000000008960d                zps_vSendJoinDcfm
                0x0000000000089653                vGiveUp.203690
                0x000000000008968b                vDisplayAddressMapTable
 .text          0x00000000000896a5     0x1afa C:\Users\nxf37702\AppData\Local\Temp\cco4qXOv.ltrans4.ltrans.o
                0x00000000000896a5                PDUM_eNPduFree
                0x0000000000089712                MAC_vHandleMcpsVsReqRsp
                0x0000000000089895                vPostVsMcpsDcfmInd.122005
                0x000000000008997f                ZPS_vInterceptMcpsDataCallback
                0x00000000000899e3                zps_vNwkMcpsMgrFreeReqDescr
                0x0000000000089a15                zps_vNwkRemoveConflictedBroadcast
                0x0000000000089a67                zps_vNwkMcpsMgrTidyBtrReqDescr
                0x0000000000089aaa                vNwkBttTimerExpiry.198628
                0x0000000000089bc7                PDUM_hAPduAllocateAPduInstance
                0x0000000000089c3b                hZCL_AllocateAPduInstance
                0x0000000000089c78                zps_eAplZdoSendZdpResponse
                0x0000000000089cc1                bSendResponse.140113
                0x0000000000089d04                PDUM_eAPduFreeAPduInstance
                0x000000000008a043                zps_bAplZdoMatchDescServer
                0x000000000008a057                zps_bAplZdoNodeDescServer
                0x000000000008a1c3                zps_bAplZdoSimpleDescServer
                0x000000000008a424                zps_bAplZdoPowerDescServer
                0x000000000008a541                zps_bAplZdoActiveEpServer
                0x000000000008a62a                zps_bAplZdoSystemServerDiscoveryServer
                0x000000000008a6b3                zps_bAplZdoMgmtLqiServer
                0x000000000008a8df                zps_bAplZdoMgmtRtgServer
                0x000000000008aa25                zps_vFragmentWindowTimeout.104796
                0x000000000008aa8c                zps_vAplApsFragTransmitNotifyApp.107512
                0x000000000008ab28                zps_vHandleExtendedDataAckFrame
                0x000000000008ac0d                vReset_StateMachine.124690
                0x000000000008aee0                vZdoServersInit.3034
                0x000000000008b04e                zps_bAplZdoEndDeviceBindServer
                0x000000000008b106                zps_bAplZdoTrustCenterGetDevicePermissions
                0x000000000008b171                vLoadAplRecord.114038
 .text          0x000000000008b19f     0x17ce C:\Users\nxf37702\AppData\Local\Temp\cco4qXOv.ltrans5.ltrans.o
                0x000000000008b19f                vAHI_UartConfigureFIFOs.part.5.211371.constprop.28
                0x000000000008b20c                DBG_vUartInitHardware
                0x000000000008b2db                ZPS_bSecDecrypt
                0x000000000008b3e3                MAC_u64GetExtAddr
                0x000000000008b3fe                ZPS_u64NwkNibFindExtAddr
                0x000000000008b4a9                ZPS_u16NwkNibFindNwkAddr
                0x000000000008b54f                zps_bAplZdpUnpackResponse
                0x000000000008c1d3                iPDM_SearchForBufferIdInList
                0x000000000008c208                iPDM_SearchForBufferIdInFileSystem
                0x000000000008c21b                iPDM_ReadUserDataFromSegmentWithId
                0x000000000008c250                iPDM_SearchForSpecificSegmentInList
                0x000000000008c282                psGetTxFrameBuffer
                0x000000000008c2c1                psGetAndBuildCoordRealignment
                0x000000000008c319                MAC_vPibSetRxOnWhenIdle.constprop.166
                0x000000000008c322                eTransmit
                0x000000000008c3ff                eBuildAndSend.209153
                0x000000000008c474                vMiniMac_TxComplete
                0x000000000008c55b                vTimerFired
                0x000000000008c613                vMiniMac_Init
 .text          0x000000000008c96d     0x1680 C:\Users\nxf37702\AppData\Local\Temp\cco4qXOv.ltrans6.ltrans.o
                0x000000000008c9a3                os_vAPP_cbDisableTickTimer
                0x000000000008c9e7                os_vAPP_cbEnableTickTimer
                0x000000000008ca67                DBG_iUartGetChar
                0x000000000008cab7                DBG_vUartPutch
                0x000000000008cc01                vRetryCcaFailure
                0x000000000008cc56                eOrphanNotificationSent.209145
                0x000000000008cc9f                OS_eEnterCriticalSection
                0x000000000008cd63                PDM_eReadDataFromRecord
                0x000000000008cde5                vLoadNwkRecord.193164
                0x000000000008ce1d                ZPS_eTsvStart
                0x000000000008ce78                zps_vAplApsCheckAndStartPollTimer
                0x000000000008ced7                zps_eAplZdoBdrmRequestSend
                0x000000000008cf52                zps_eNwkHandleSceNwkUpdate
                0x000000000008cf76                vProcessTimedList.192220
                0x000000000008cfbc                zps_vNwkMcpsMgrPostTimed
                0x000000000008cfcf                vNwkMcpsSendTimedDfcm
                0x000000000008d013                zps_vAplAfPostTimerEvent
                0x000000000008d08f                zps_vExpireOldRoutes
                0x000000000008d118                zps_vNwkJoinStStartResponseTimer
                0x000000000008d152                ZPS_eTsvStop
                0x000000000008d1a6                eCopyFragmentToApdu.isra.0.104841
                0x000000000008d2c8                zps_vNwkHandleCmePermitJoinReq
                0x000000000008d330                zps_eNwkBtrMatch
                0x000000000008d42d                zps_vAplApsStopPollTimer
                0x000000000008d4bc                eHandleRemoveBroadcastEndpointsFromGroup.108965
                0x000000000008d516                eZCL_SetReceiveEventAddressStructure
                0x000000000008d595                eCLD_ColourControlCommandHandler
                0x000000000008d5f3                eCLD_ThermostatCommandHandler
                0x000000000008d64d                dbg_vPrintfImplNoneVerbose
                0x000000000008dad4                vfExtendedStatusCallBack
                0x000000000008dadf                ZPS_bSecEncrypt
                0x000000000008dc8b                eZCL_SearchForClusterEntry
                0x000000000008dd29                eOtaFindCluster.constprop.123
                0x000000000008dd62                eOTA_GetOtaHeader.part.9.98027
                0x000000000008ddf1                eOTA_NewImageLoaded.part.4.98014.constprop.122
                0x000000000008de58                vAppInitOTA
                0x000000000008df32                eZCL_BuildTransmitAddressStructure
                0x000000000008dfa4                boPDM_IsBitmapSaturated.185813
 .text          0x000000000008dfed     0x151c C:\Users\nxf37702\AppData\Local\Temp\cco4qXOv.ltrans7.ltrans.o
                0x000000000008e1dd                zps_vNwkHandleCmeRouteDiscoveryReq
                0x000000000008e3ab                zps_eNwkHandleSceRouteRecord
                0x000000000008e47f                vPDM_MoveAllDataFromListToList
                0x000000000008e4bd                vPDM_MoveAllDataWithBufferIdAndStateFromListToList
                0x000000000008e548                vPDM_MoveAllDataToDeAllocList
                0x000000000008e570                iPDM_ReconstructReplacedDataTable
                0x000000000008e7ef                vPDM_ImageBitmapRepair.184931
                0x000000000008e850                vPDM_MoveAllDataWithBufferIdFromListToList
                0x000000000008e8d5                vPDM_DeleteAppendedSequence
                0x000000000008e97a                PDM_eSaveRecordData
                0x000000000008edaf                ZPS_vNwkSaveRecord
                0x000000000008ee1d                ZPS_vNwkResetOutgoingFrameCounter
                0x000000000008ee71                zps_psSendFrm
                0x000000000008f18d                zps_psSendBroadcastFrm
                0x000000000008f223                ZPS_vNwkHandleNldeReqRsp
                0x000000000008f403                zps_eAplApsmeCmdMgrSendCommand
                0x000000000008f4e0                zps_vAplApsmeCmdMgrRetryTimeout.108938
 .text          0x000000000008f509     0x1bf6 C:\Users\nxf37702\AppData\Local\Temp\cco4qXOv.ltrans8.ltrans.o
                0x000000000008f509                eSmeUDNTScanDcfm.199828
                0x000000000008f525                vPermitJoinHandleExpiry.195379
                0x000000000008f52e                vNwkMcpsTimerCallback
                0x000000000008f548                zps_eSceGenlIllegal
                0x000000000008f54f                zps_eSmeGenlIllegal
                0x000000000008f556                DBG_vUartFailedAssert
                0x000000000008f55a                zps_bAplZdoBindRequestServer
                0x000000000008f695                vZdoEndDeviceBindTimeoutSecondMessage
                0x000000000008f6a9                psGetVsMcpsBuf.122002
                0x000000000008f6b2                psGetMlmeBuf.121995
                0x000000000008f6bb                zps_vExpireRequestKeyReq.117027
                0x000000000008f706                psGetNlmeBuf.104945
                0x000000000008f710                psGetNldeBuf.104966
                0x000000000008f71a                psGetApsmeBuf.104952
                0x000000000008f723                psGetApsdeBuf.104959
                0x000000000008f729                vLoopbackTimerCallback
                0x000000000008f758                zps_psNwkSlistRemoveFromHead
                0x000000000008f76f                zps_psNwkSlistRemove
                0x000000000008f7a7                zps_bNwkMcpsMgrRemoveDescrFromLists
                0x000000000008f7e5                zps_vNwkSlistAddToTail
                0x000000000008f7ff                ZPS_bNwkSecHaveNetworkKey
                0x000000000008f833                ZPS_bNwkSecFindMatSet
                0x000000000008f86f                zps_eNwkRctMatchNwkAddr
                0x000000000008f8d9                ZPS_u8NwkCalcNldeReqOverhead
                0x000000000008f914                zps_vRemoveNextHop
                0x000000000008f9c9                zps_vRemoveRoute
                0x000000000008fa60                zps_psNwkRtMatchNwkAddr
                0x000000000008fad6                zps_vNwkFreeMcpsHandle
                0x000000000008fb00                zps_psNwkMcpsMgrFindPendingByNwkDstAddr
                0x000000000008fb16                ZPS_u64NwkNibGetMappedIeeeAddr
                0x000000000008fb38                ZPS_vNwkSecResetDevice
                0x000000000008fb7d                ZPS_bNwkNibNtActvMatch
                0x000000000008fc35                bCheckNwkAddr
                0x000000000008fc83                zps_eAplTrustCenterFindDevice
                0x000000000008fcc7                ZPS_vSetExtendedStatus
                0x000000000008fcd9                zps_eNwkRtMatch
                0x000000000008fdf2                zps_psApsApsAllocateDcfmRecord
                0x000000000008fe60                zps_u8CalcLinkCost
                0x000000000008fe9c                ZPS_u8NwkNibNtDiscMatch
                0x000000000008ff80                zps_u64NwkLibFromPayload
                0x000000000008ffbf                psAddToDiscNt.200356
                0x000000000009011d                zps_vNwkLibU64ToPayload
                0x000000000009014a                zps_vInitBeaconPayload
                0x00000000000901c6                zps_eNwkDcfmIndPost
                0x00000000000901e9                zps_psNwkDcfmIndGetBuf
                0x000000000009020b                eRouteRequestDataDcfm.196551
                0x000000000009025f                eNldeDataDcfm.194386
                0x000000000009028f                zps_vSendNwkStatusInd
                0x00000000000902bf                vPDM_ReadBitmapHeader.185778
                0x00000000000902de                psSLISTsearch
                0x000000000009031e                psSLISTremove
                0x000000000009039c                vSLISTaddToTail
                0x00000000000903bb                psSLISTgetNext
                0x00000000000903df                u8PDM_CalculateLargestDataRecordStored
                0x0000000000090410                bPDM_ImageBitmapRepairCheck
                0x0000000000090438                u8PDM_ReadSequenceNumber
                0x000000000009045b                boSegmentNumberDeleteSearchMatch.185443
                0x0000000000090476                u8PDM_ReadSegmentDataSize
                0x000000000009048a                u32PDM_ReadFileSystemHeaderWearCount
                0x00000000000904a0                boSearchForWearCountSubstitute.186245
                0x00000000000904c6                boSearchForWearCountInsertPoint.185012
                0x00000000000904e4                vPDM_WriteFileSystemHeaderWearCount
                0x00000000000904f6                RND_u32GetRand256
                0x0000000000090513                RND_u32GetRand
                0x000000000009053a                u16CalculateFailedTxCount.141302
                0x0000000000090564                vZdoIeeeAddrServerSendExtendResponse.part.0.127099
                0x00000000000905c5                vZdoNwkAddrServerSendExtendResponse.part.0.125919
                0x0000000000090626                bFindMatch.124647
                0x0000000000090684                zps_bAplZdoServerHandleConfirmAcks
                0x00000000000906e1                zps_bPerformLeaveActionDecider
                0x00000000000906e6                vHandleUpdateDeviceIndication.114011
                0x0000000000090710                u32GetScanChannels.113998
                0x000000000009073b                bDuplicateCheck.110378
                0x0000000000090848                eHandleRemoveNonBroadcastEndpointsFromGroup.109006
                0x00000000000908c0                eHandleAddEntryToGroupTable.108969
                0x000000000009091c                bIsBindTableMatch.108946
                0x000000000009096d                eRemoveEntryInBindingTable.108974
                0x00000000000909ec                zps_vAplApsFillAndPostApsAck
                0x0000000000090a56                zps_u8AplApsFreeMsgHandle
                0x0000000000090ac0                u8BlocksToSendInWindow.106442
                0x0000000000090b12                vFillDataIndStruct.104812
                0x0000000000090b70                vFillApduErrorEvent.104805
                0x0000000000090bb3                bCheckProfile.104800
                0x0000000000090bf1                ZPS_bIsGroupPresent
                0x0000000000090c29                PDUM_u16APduInstanceWriteStrNBO
                0x0000000000090da8                pdum_u16ReadNBO
                0x0000000000090f09                PDUM_eNPduReadHeaderNBO
                0x0000000000090f5c                PDUM_u16APduInstanceReadNBO
                0x0000000000090fa6                PDUM_eNPduPrependHeaderNBO
                0x0000000000091001                zps_vInitAPSMECmdHdr
                0x0000000000091038                PDUM_eNPduAppendDataNBO
                0x0000000000091095                PDUM_u16APduInstanceWriteNBO
 *fill*         0x00000000000910ff        0x1 00
 .text          0x0000000000091100     0x149c C:\Users\nxf37702\AppData\Local\Temp\cco4qXOv.ltrans9.ltrans.o
                0x0000000000091100                vZCL_EventHandler
 .text          0x000000000009259c     0x168c C:\Users\nxf37702\AppData\Local\Temp\cco4qXOv.ltrans10.ltrans.o
                0x000000000009259c                vSendMlmeCommStatusFromTxFrame
                0x00000000000925f2                MAC_vHandleMlmeVsReqRsp.constprop.168
                0x0000000000092bbc                vHandleNwkLocalUpdateAfterBcast.191309
                0x0000000000092c0f                vHandleNwkRemoteUpdateAfterBcast.191300
                0x0000000000092c63                ZPS_pvNwkCtor.constprop.164
                0x0000000000093203                ZPS_vNwkHandleNlmeReqRsp
                0x0000000000093280                zps_vAplAfPostEvent
                0x00000000000933ef                zps_eAplZdoNlmeleaveWrapper
                0x000000000009346d                zps_bAplZdoMgmtLeaveServer
                0x00000000000935ed                zps_eAplZdoNlmePermitJoiningWrapper
                0x0000000000093615                zps_bAplZdoPermitJoiningServer
                0x00000000000936af                vChangeChannelTimerExpiry.141294
                0x0000000000093712                eLeaveReset.205120
                0x000000000009377d                eLeaveDataDcfmLocalLeave.205130
                0x00000000000937f7                eSmeAcScScanDcfm.201068
                0x0000000000093b2d                zps_vNwkHandleCmeActvStartRouterReq
                0x0000000000093bc9                zps_eAplZdoZllStartRouter
 .text          0x0000000000093c28     0x15a0 C:\Users\nxf37702\AppData\Local\Temp\cco4qXOv.ltrans11.ltrans.o
                0x0000000000093d90                zps_vAplTrustCenterInit
                0x0000000000093f98                vMiniMac_MlmeCallback
                0x0000000000094283                eDisassocReqSent.208347
                0x00000000000942e0                eAssocReqSent.208369
                0x00000000000944bc                ePollReqSent.208702
                0x0000000000094644                vScanBeaconReceived
                0x0000000000094683                vRunningRxCallback
                0x0000000000094983                vPostDcfm.209164
                0x00000000000949ec                vScanNextChannel.209170
                0x0000000000094b86                PDM_vDeleteAllDataRecords
                0x0000000000094c03                iPDM_VerifyDataSequenceWithBufferId
                0x0000000000094ca5                vSetGroupAddress.constprop.118
                0x0000000000094cf4                vSendJoinedFormEventToHost
                0x0000000000094d86                vFactoryResetRecords
                0x0000000000094ec4                vPickChannel.7661
                0x0000000000094f0d                bAplZdoBindUnbindServerProcessApdu
                0x00000000000950cf                zps_eAplZdoGroupEndpointRemove
                0x0000000000095167                zps_eAplZdoGroupAllEndpointRemove
 .text.unlikely
                0x00000000000951c8      0x123 C:\Users\nxf37702\AppData\Local\Temp\cco4qXOv.ltrans11.ltrans.o
                0x00000000000951c8                zps_eAplZdoBind
                0x0000000000095265                zps_eAplZdoUnbind
 *fill*         0x00000000000952eb        0x1 00
 .text          0x00000000000952ec     0x1470 C:\Users\nxf37702\AppData\Local\Temp\cco4qXOv.ltrans12.ltrans.o
                0x00000000000952ec                vMcpsMgrExpiry.192192
                0x000000000009534c                os_vzps_taskZPS
                0x0000000000095575                vBbcIntHandler.208022
                0x000000000009582d                eAssocRespSent.208357
                0x000000000009584c                zps_vNwkHandleCmeSyncReq
                0x0000000000095895                zps_vNwkHandleCmeIdleNwkFormReq
                0x000000000009593d                zps_vNwkHandleCmeNwkDiscReq
                0x0000000000095b8d                zps_vNwkHandleCmeNwkJoinReq
                0x0000000000095e49                zps_vNwkHandleCmeNwkActvJoinReq
                0x0000000000095e55                ZPS_vAplHandleApsdeReqRsp
                0x0000000000096275                zps_eAplZdpApsdeReqInternal
                0x00000000000962f0                zps_bAplZdoDefaultServer
                0x00000000000965ac                zps_eZdpEndDeviceBindResponse
                0x00000000000965cd                zps_eAplZdpBindResponse
                0x00000000000965ee                zps_eZdpUnbindResponse
                0x000000000009660f                zps_eZdpMgmtLeaveResponse
                0x0000000000096630                zps_eZdpMgmtPermitJoiningResponse
                0x0000000000096651                zps_eAplZdoGroupEndpointAdd
 .text          0x000000000009675c     0x17ec C:\Users\nxf37702\AppData\Local\Temp\cco4qXOv.ltrans13.ltrans.o
                0x0000000000096902                vHandleRejoinExpiry.203686
                0x0000000000096961                zps_eRejoinDataDcfm
                0x00000000000969a5                eSmeAsocAssocDcfm.204297
                0x0000000000096a29                eSmeRjPCPollDcfm.204293
                0x0000000000096a6a                eSceRjRsRejoinRsp.204261
                0x0000000000096cd8                zps_eNwkHandleSceNwkStatus
                0x0000000000096e97                zps_sNwkLibSubmitScan
                0x0000000000096ed0                eSmeEdScScanDcfm.201073
                0x0000000000096f60                zps_vNwkHandleCmeEdScanReq
                0x0000000000096f9f                vSdeHandleMcpsDataInd.192288
                0x0000000000097c22                ZPS_vNwkNibCheckAndUpdateAddresses
                0x0000000000097cb9                zps_bAplZdoDeviceAnnceServer
 .text          0x0000000000097f48     0x11b9 C:\Users\nxf37702\AppData\Local\Temp\cco4qXOv.ltrans14.ltrans.o
                0x0000000000098000                zps_bAplZdoIeeeAddrServer
                0x0000000000098156                eBeaconReqSent.209149
                0x000000000009817d                bSendHATransportKey
                0x0000000000098205                UART_vSetTxInterrupt
                0x0000000000098318                vSL_TxByte.10056
                0x000000000009834d                PWRM_vManagePower
                0x0000000000098475                vFreePendingReqDescr
                0x00000000000984e0                vHandleRouteDiscoveryExpiry.196111
                0x000000000009853e                PDUM_eNPduAllocate
                0x00000000000985ad                zps_u8AplApsConstructAndPostLoopBackDataInd.107556
                0x00000000000986e6                u8PostUnicastMsgToNHLE.107564
                0x000000000009871f                vMiniMac_McpsCallback
                0x000000000009894b                eMcpsTxCompleteHandler.208469
                0x0000000000098b09                eZCL_TransmitInterPanRequest.constprop.72
                0x0000000000098bc4                eCLD_ZllCommissionCommandNetworkStartRspCommandSend
                0x0000000000098c1b                zps_psAllocateAndFormatMacHdr
                0x0000000000098f04                zps_psNwkInitCmdFrame
                0x0000000000098f83                eSendLinkStatusDataDcfm.part.1.190257
                0x00000000000990b5                PDUM_eNPduClone
 .text.unlikely
                0x0000000000099101      0x2ce C:\Users\nxf37702\AppData\Local\Temp\cco4qXOv.ltrans14.ltrans.o
                0x0000000000099101                vHandleIdentiftRequest.9478
                0x000000000009915e                vHandleDeviceInfoRequest.9308
                0x000000000009926d                vSendScanResponse.9285.constprop.69
 *fill*         0x00000000000993cf        0x1 00
 .text          0x00000000000993d0     0x1568 C:\Users\nxf37702\AppData\Local\Temp\cco4qXOv.ltrans15.ltrans.o
                0x000000000009972c                zps_eNwkHandleSmeAssocInd
                0x000000000009974e                zps_eNwkHandleSceRejnRequest
                0x000000000009987d                zps_eNwkHandleSmeOrphanInd
                0x000000000009988d                vStartScanTimerExpiry.141298
                0x00000000000998c9                zps_vAplApsPollTimer
                0x0000000000099a56                vAplSecAuthPollTimerExpiry.113988
                0x0000000000099b18                zps_vProcessChildAddrConflict
                0x0000000000099bdb                eRejoinNetwork.114025.constprop.157
                0x0000000000099c77                zps_eAplZdoStartStack
                0x0000000000099db1                eJoinNetwork.114051
                0x0000000000099e62                vPostNlmeDcfmInd.104948
                0x000000000009a576                zps_eAplZdoDiscoverNetworks
                0x000000000009a59f                vSecondScan.7668.constprop.86
                0x000000000009a5dd                vHandleTransportKeyIndication.isra.10.114224
                0x000000000009a83b                vPostApsmeDcfmInd.104955
 .text          0x000000000009a938     0x16a7 C:\Users\nxf37702\AppData\Local\Temp\cco4qXOv.ltrans16.ltrans.o
                0x000000000009b03f                zps_vHandleApsdeDataFragInd
                0x000000000009b686                vHandleRemoveDeviceIndication
                0x000000000009b796                zps_vAplTrustCenterUpdateDevice
                0x000000000009b925                ZPS_eAplAfInit
 .text          0x000000000009bfdf     0x186e C:\Users\nxf37702\AppData\Local\Temp\cco4qXOv.ltrans17.ltrans.o
                0x000000000009bfdf                zps_eNwkHandleSceLinkStatus
                0x000000000009c113                eSmeOrphScanDcfm.204137
                0x000000000009c18b                vContinueRejoin.202920
                0x000000000009c232                zps_psFindKeyDescr
                0x000000000009c366                zps_eAplSecEncryptPacket
                0x000000000009c458                eUnfragmentedUnicastTransmission.107539
                0x000000000009c6ac                zps_eAplSendApsmeCmdFrame
                0x000000000009c81d                vApsmeResendTimeOutHandler
                0x000000000009c84c                zps_eAplApsmeRemoveDeviceReqRsp
                0x000000000009c8ba                zps_eAplAibSetApsUseExtendedPanId
                0x000000000009c8d0                zps_eAplAibSetApsTrustCenterAddress
                0x000000000009c8e6                ZPS_bNwkNibAddrMapAddEntry
                0x000000000009caad                vCheckIfMyChild
                0x000000000009cc48                zps_vAgeRouter
                0x000000000009cc87                zps_eNwkHandleSdeActvDcfmData
                0x000000000009ce11                vMcpsMgrTimeoutExpiry
                0x000000000009ce80                zps_eDefaultDataDcfm
                0x000000000009d055                zps_vLinkStatusHandleExpiry
                0x000000000009d0f6                zps_eNwkHandleSceRouteRequest
                0x000000000009d525                zps_sNwkNibNtCheckJoin
                0x000000000009d7ce                zps_vNwkHandleCmeDirectJoinReq
 .text.unlikely
                0x000000000009d84d       0x5f C:\Users\nxf37702\AppData\Local\Temp\cco4qXOv.ltrans17.ltrans.o
                0x000000000009d84d                vInitUnknownNeighbor.192204
 .text          0x000000000009d8ac     0x1244 C:\Users\nxf37702\AppData\Local\Temp\cco4qXOv.ltrans18.ltrans.o
                0x000000000009d9e3                vZdoBdrmSendNextTimedRequest
                0x000000000009dc6c                zps_bAplZdoBindUnbindServer
                0x000000000009dd78                zps_eZdpMatchDescResponse
                0x000000000009de0e                zps_eZdpSystemServerDiscoveryResponse
                0x000000000009de7d                zps_eAplZdpMgmtLqiResponse
                0x000000000009df65                eAplAfCommonDataReq.103435.constprop.177
                0x000000000009e020                eZCL_TransmitDataRequest
                0x000000000009e498                eZCL_SendDefaultResponse
                0x000000000009e597                vZCL_HandleCommandsDiscoverRequest.86915
                0x000000000009e7da                vZCL_HandleDiscoverCommandsResponse.88014
                0x000000000009e8e4                vZCL_HandleAttributesReadResponse
 .text.unlikely
                0x000000000009eaf0      0x299 C:\Users\nxf37702\AppData\Local\Temp\cco4qXOv.ltrans18.ltrans.o
                0x000000000009eaf0                eZclDiscoverAttributes.3351
                0x000000000009eca1                eZCL_SendDiscoverCommandGenericRequest.86977
 *fill*         0x000000000009ed89        0x3 00
 .text          0x000000000009ed8c     0x1690 C:\Users\nxf37702\AppData\Local\Temp\cco4qXOv.ltrans19.ltrans.o
                0x000000000009ed8c                zps_eAplZdpRequestApsdeReq
                0x000000000009ee0c                vStartAndAnnounce
                0x00000000000a0416                os_vAPP_Commission_Task
 .text          0x00000000000a041c     0x1638 C:\Users\nxf37702\AppData\Local\Temp\cco4qXOv.ltrans20.ltrans.o
                0x00000000000a05fb                vPostNldeDcfmInd.104969
                0x00000000000a12f0                zps_eStartFragmentedTransmission
                0x00000000000a1405                vAckTimeOutHandler
                0x00000000000a14ab                zps_eAplApsmeTransportKeyReqRsp.constprop.80
                0x00000000000a162e                vHandleZllDeviceJoin
                0x00000000000a168d                zps_vAplTrustCenterRequestKey
                0x00000000000a17fe                zps_eAplApsmeUpdateDeviceReqRsp.part.4.109103
                0x00000000000a1941                zps_vSendExtendedAckDataFrame.104835
 .text          0x00000000000a1a54      0xde4 C:\Users\nxf37702\AppData\Local\Temp\cco4qXOv.ltrans21.ltrans.o
                0x00000000000a1bc6                eCLD_ApplianceStatisticsCommandHandler
                0x00000000000a1e5d                eOTA_ServerUpgradeEndResponse
                0x00000000000a1ef0                eOTA_ServerImageBlockResponse
                0x00000000000a2382                eOtaCommandHandler
                0x00000000000a26a8                eCLD_IASZoneEnrollRespSend
                0x00000000000a26e3                eCLD_IASZoneCommandHandler
 .text.unlikely
                0x00000000000a2838      0x48c C:\Users\nxf37702\AppData\Local\Temp\cco4qXOv.ltrans21.ltrans.o
                0x00000000000a2838                eZnc_SendWriteAttributesRequest.constprop.135
 .text          0x00000000000a2cc4     0x13ce C:\Users\nxf37702\AppData\Local\Temp\cco4qXOv.ltrans22.ltrans.o
                0x00000000000a2cc4                zps_bAplZdoNwkAddrServer
                0x00000000000a2e45                vPDM_AddFileSystemElementToListInAscendingWearCountOrder
                0x00000000000a2f53                vPDM_MoveFileRecordFromListToList
                0x00000000000a2f75                vPDM_MoveRecordToDeAllocList
                0x00000000000a2f95                iPDM_WriteSegmentHeaderAndData
                0x00000000000a3191                vIncrementFrameCounterInPdm.isra.0.193598
                0x00000000000a3370                vProcessListsForSubmission.192308
                0x00000000000a362a                zps_vNwkMcpsMgrPost
                0x00000000000a364e                zps_psNwkSendRejoinReqCmd.constprop.5
                0x00000000000a36be                zps_psSendNetworkStatusCmd
                0x00000000000a372b                vSendNetworkReport.191292
                0x00000000000a3805                psSendRouteReplyCmd.196533
                0x00000000000a3917                zps_eNwkHandleSceRouteReply
                0x00000000000a3c56                zps_psNwkPropagateLocalLeave
                0x00000000000a3c7e                zps_vNwkHandleCmeLeaveReq
                0x00000000000a3d4c                iPDM_SegmentCopyAndAppendData.constprop.183
                0x00000000000a3da9                eMakeEntryInBindingTable.108992
                0x00000000000a3e53                vSL_WriteMessage
                0x00000000000a3ed0                vSL_LogSend
                0x00000000000a3f22                vSL_LogFlush
                0x00000000000a3f3e                vReportException.9909
                0x00000000000a404c                vUnclaimedInterrupt.9903
 *fill*         0x00000000000a4092        0x2 00
 .text          0x00000000000a4094     0x1318 C:\Users\nxf37702\AppData\Local\Temp\cco4qXOv.ltrans23.ltrans.o
                0x00000000000a466b                eCLD_ZllCommissionCommandHandler
                0x00000000000a4a68                eSimpleMeteringCommandHandler
                0x00000000000a4a94                vZCL_HandleAttributesWriteRequest
                0x00000000000a4f27                eZCL_CustomCommandReceive
                0x00000000000a5095                eCLD_DoorLockCommandHandler
                0x00000000000a5131                eCLD_IdentifyCommandHandler
                0x00000000000a51ca                eCLD_ScenesCommandHandler
 .text          0x00000000000a53ac     0x12e0 C:\Users\nxf37702\AppData\Local\Temp\cco4qXOv.ltrans24.ltrans.o
                0x00000000000a53ac                zps_vAplSaveRecord
                0x00000000000a54dd                zps_bNwkFindAddIeeeAddr
                0x00000000000a565b                eCheckAddrConflict.isra.4.191529
                0x00000000000a56f1                vAplSecRemoveLinkKey.114104
                0x00000000000a576e                ZPS_vRemoveEntryFromAddressMap
                0x00000000000a57b7                ZPS_vNwkSaveAllRecords
                0x00000000000a57ce                zps_vSaveAllZpsRecords
                0x00000000000a57ed                ZPS_vNwkNibSetNwkAddr
                0x00000000000a580c                zps_eNwkHandleSceRejnResponse
                0x00000000000a5869                ZPS_vNwkNibSetExtPanId
                0x00000000000a588e                ZPS_vNwkNibSetKeySeqNum
                0x00000000000a58a3                ZPS_vNwkNibSetDepth
                0x00000000000a58cc                ZPS_vNwkNibSetUpdateId
                0x00000000000a58dc                vSendNetworkUpdate.191296
                0x00000000000a5a0c                ZPS_vNwkNibSetPanId
                0x00000000000a5a2b                ZPS_vNwkNibSetCapabilityInfo
                0x00000000000a5a59                ZPS_vNwkNibSetChannel
                0x00000000000a5a72                zps_u8NwkHandleRejoinReq
                0x00000000000a5b3b                zps_vProcessLocalAddrConflict
                0x00000000000a5be6                vEndCommissioning.9441
                0x00000000000a5c3b                ZPS_vNwkSaveNt
                0x00000000000a5d56                ZPS_vNtSetUsedStatus
                0x00000000000a5dfd                zps_vJoinInitNtParent
                0x00000000000a5f53                zps_vBuildSortedActvNTList
                0x00000000000a6011                zps_vCheckActvNtForDuplicate
                0x00000000000a60ad                vFinish.204127
                0x00000000000a6103                zps_eNwkHandleSceLeave
                0x00000000000a62c5                zps_vCleanUnAuthenHandleExpiry
                0x00000000000a63c7                eUnsolicitedRejoinRspDataDcfm.191304
                0x00000000000a63f2                eRejoinRspDataDcfm.202924
                0x00000000000a64c1                zps_eNwkHandleSmeCommStatusInd
                0x00000000000a6575                ZPS_vNwkSaveSecMat
                0x00000000000a658a                zps_vAplSecSetInitialSecurityState
 .text.unlikely
                0x00000000000a668c      0x1de C:\Users\nxf37702\AppData\Local\Temp\cco4qXOv.ltrans24.ltrans.o
                0x00000000000a668c                vSendRouterJoinRequest.9425.constprop.65
 *fill*         0x00000000000a686a        0x2 00
 .text          0x00000000000a686c     0x11d4 C:\Users\nxf37702\AppData\Local\Temp\cco4qXOv.ltrans25.ltrans.o
                0x00000000000a686c                APP_ZCL_cbEndpointCallback.7253
                0x00000000000a749c                eCLD_GroupsCommandHandler
                0x00000000000a7a06                eCLD_GroupsCommandAddGroupRequestSend
 .text          0x00000000000a7a40     0x13cc C:\Users\nxf37702\AppData\Local\Temp\cco4qXOv.ltrans26.ltrans.o
                0x00000000000a7c31                eCLD_ZllUtilityCommandHandler
                0x00000000000a7e6f                eCLD_ASCLogNotificationORLogResponseSend
                0x00000000000a7ec8                eCLD_IdentifyCommandTriggerEffectSend
                0x00000000000a7f09                os_vAPP_taskZncb
 .text          0x00000000000a8e0c     0x10d9 C:\Users\nxf37702\AppData\Local\Temp\cco4qXOv.ltrans27.ltrans.o
                0x00000000000a8e0c                zps_eAplZdpMgmtRtgResponse
                0x00000000000a8f85                zps_eZdpNwkAddrResponse
                0x00000000000a9068                zps_eZdpIeeeAddrResponse
                0x00000000000a914b                zps_eZdpNodeDescResponse
                0x00000000000a91f3                zps_eZdpPowerDescResponse
                0x00000000000a9290                zps_eZdpSimpleDescResponse
                0x00000000000a939d                zps_eZdpActiveEpResponse
                0x00000000000a9433                zps_bAplZdoMgmtNWKUpdateServer
                0x00000000000a98ae                vZdoEndDeviceBindStateWaitSendWithAck
                0x00000000000a9bf8                zps_bAplZdoZdoClient
                0x00000000000a9d08                zps_eAplZdpNwkAddrRequest.constprop.141
                0x00000000000a9d6b                os_vAPP_AgeOutChildren
 .text.unlikely
                0x00000000000a9ee5       0xb3 C:\Users\nxf37702\AppData\Local\Temp\cco4qXOv.ltrans27.ltrans.o
                0x00000000000a9ee5                zps_eAplZdpBindUnbindRequest.constprop.158
 .text          0x00000000000a9f98     0x12b2 C:\Users\nxf37702\AppData\Local\Temp\cco4qXOv.ltrans28.ltrans.o
                0x00000000000a9f98                os_bDummyMemberCheck.101692
                0x00000000000a9f9d                os_vDefaultErrorHook.101688
                0x00000000000a9fa0                eCLD_LevelControlCommandHandler
                0x00000000000a9fa5                vOSError.9905
                0x00000000000a9fa8                APP_ZCL_cbGeneralCallback.7256
                0x00000000000a9fab                bCLD_GroupsSearchForGroup.21506
                0x00000000000a9fd0                pdum_u16WriteNBO
                0x00000000000aa0e3                PDUM_u16SizeNBO
                0x00000000000aa141                PDUM_thAPduInstanceGetApdu
                0x00000000000aa15c                PDUM_eAPduInstanceSetPayloadSize
                0x00000000000aa184                PDUM_eNPduWriteDataFromBuffer
                0x00000000000aa1de                PDUM_eNPduWriteDataToBuffer
                0x00000000000aa23c                PDUM_eNPduWriteFromBuffer
                0x00000000000aa265                PDUM_eNPduDescend
                0x00000000000aa28b                PDUM_eNPduAscend
                0x00000000000aa2b1                PDUM_eNPduClaimData
                0x00000000000aa31e                PDUM_eNPduClaimHeader
                0x00000000000aa341                PDUM_eNPduInitDescending
                0x00000000000aa35c                eExpireSWTimer.101701
                0x00000000000aa3c7                vEnterErrorHook.101684
                0x00000000000aa3ee                OS_eCollectMessage
                0x00000000000aa4af                vMiniMac_ReturnTxBufferCallback
                0x00000000000aa4c1                vOtaFlashLockRead
                0x00000000000aa507                eZCL_DoesAttributeHaveReportableChange
                0x00000000000aa530                eZCL_GetAttributeReportableEntry.part.1.95250
                0x00000000000aa5ef                eZCL_BuildClientTransmitAddressStructure
                0x00000000000aa627                bValidateCommandWithCommandsFlags.86901
                0x00000000000aa670                bZCL_CheckManufacturerSpecificCommandFlagMatch
                0x00000000000aa68e                bZCL_CheckManufacturerSpecificAttributeFlagMatch
                0x00000000000aa6ac                eZCL_GetAttributeTypeSize
                0x00000000000aa6cb                vZCL_MarkAttributeInvalid
                0x00000000000aa79a                eZCL_CheckEPstructureIntegrity.76400
                0x00000000000aa982                u8ZCL_GetAttributeAllignToFourBytesBoundary
                0x00000000000aa997                pvZCL_GetAttributePointer
                0x00000000000aaa0d                vReverseMemcpy.part.2.76412
                0x00000000000aaa42                vReverseMemcpy
                0x00000000000aaa5a                sOtaGetHeader
                0x00000000000aab68                u16ZCL_GetStringStructureSize
                0x00000000000aaba5                u16ZCL_GetStringAttributeTypeSizeFromBuffer
                0x00000000000aac16                u16ZCL_GetStringSizeAndBufferFromStructure
                0x00000000000aaca5                vZCL_GetInternalMutex
                0x00000000000aacce                eZCL_GetMutex
                0x00000000000aad06                vZCL_InitializeClusterInstance
                0x00000000000aad1b                vZCL_ReleaseInternalMutex
                0x00000000000aad35                u32ZCL_GetUTCTime
                0x00000000000aad50                eZCL_SearchForAttributeEntry
                0x00000000000aae0b                eZCL_SearchForEPentry
                0x00000000000aae66                eZCL_SearchForEPentryAndCheckManufacturerId
                0x00000000000aaea4                vZCL_PassEventToUser
                0x00000000000aaed1                u8GetTransactionSequenceNumber
                0x00000000000aaef2                eZCL_ReleaseMutex
                0x00000000000aaf21                eZCL_Register.part.1.76409
                0x00000000000aaf4f                boDLISTisEmpty
                0x00000000000aaf67                vDLISTaddToTail
                0x00000000000aaf95                psDLISTremove
                0x00000000000aaff8                vWriteU64ToPayLoad.33830
                0x00000000000ab025                vWriteU32ToPayLoad.33826
                0x00000000000ab03d                InvShiftRows
                0x00000000000ab0d0                InvSubBytes
                0x00000000000ab116                AddRoundKey
                0x00000000000ab157                getSBoxValue.10256
                0x00000000000ab179                u16GetAttributeActualSize
 .text          0x00000000000ab24a      0x811 C:\Users\nxf37702\AppData\Local\Temp\cco4qXOv.ltrans29.ltrans.o
                0x00000000000ab24a                vAppMain
 .text          0x00000000000aba5b      0x49b C:\Users\nxf37702\AppData\Local\Temp\cco4qXOv.ltrans30.ltrans.o
                0x00000000000aba5b                os_vZCL_Task
                0x00000000000abc74                eZCL_CustomCommandSend.constprop.130
 .text          0x00000000000abef6      0x2b2 C:\Users\nxf37702\AppData\Local\Temp\cco4qXOv.ltrans31.ltrans.o
                0x00000000000abf2a                os_vzps_isrMAC
                0x00000000000abf69                AppWarmStart
                0x00000000000abf85                AppColdStart
                0x00000000000abfb8                os_vUnclaimedInterrupt
                0x00000000000abfca                os_vControlledInterrupt
                0x00000000000ac003                os_vAPP_isrTickTimer
                0x00000000000ac0f4                os_vAPP_isrUart
                0x00000000000ac16c                os_vAPP_isrIllegalInstruction
                0x00000000000ac178                os_vAPP_isrBusErrorException
                0x00000000000ac184                os_vAPP_isrAlignmentException
                0x00000000000ac190                os_vAPP_isrUnimplementedModuleException
                0x00000000000ac19c                os_vAPP_isrStackOverflowException
 .text          0x00000000000ac1a8       0x25 c:/nxp/bstudio_nxp/sdk/tools/ba-elf-ba2-r36379/bin/../lib/gcc/ba-elf/4.7.4/../../../../ba-elf/lib/mcpu_jn51xx_sizeopt\libc.a(lib_a-memcmp.o)
                0x00000000000ac1a8                memcmp
 .text          0x00000000000ac1cd       0x19 c:/nxp/bstudio_nxp/sdk/tools/ba-elf-ba2-r36379/bin/../lib/gcc/ba-elf/4.7.4/../../../../ba-elf/lib/mcpu_jn51xx_sizeopt\libc.a(lib_a-memcpy.o)
 .text          0x00000000000ac1e6       0x12 c:/nxp/bstudio_nxp/sdk/tools/ba-elf-ba2-r36379/bin/../lib/gcc/ba-elf/4.7.4/../../../../ba-elf/lib/mcpu_jn51xx_sizeopt\libc.a(lib_a-memset.o)
                0x00000000000ac1e6                memset
 .text          0x00000000000ac1f8       0x12 c:/nxp/bstudio_nxp/sdk/tools/ba-elf-ba2-r36379/bin/../lib/gcc/ba-elf/4.7.4/../../../../ba-elf/lib/mcpu_jn51xx_sizeopt\libc.a(lib_a-strlen.o)
                0x00000000000ac1f8                strlen
 .text          0x00000000000ac20a       0x2b c:/nxp/bstudio_nxp/sdk/tools/ba-elf-ba2-r36379/bin/../lib/gcc/ba-elf/4.7.4/../../../../ba-elf/lib/mcpu_jn51xx_sizeopt\libc.a(lib_a-strncpy.o)
                0x00000000000ac20a                strncpy
 *fill*         0x00000000000ac235        0x3 00
 .text          0x00000000000ac238      0x204 c:/nxp/bstudio_nxp/sdk/tools/ba-elf-ba2-r36379/bin/../lib/gcc/ba-elf/4.7.4/mcpu_jn51xx_sizeopt\libgcc.a(__udivsi3.o)
                0x00000000000ac238                __udivsi3
 .text          0x00000000000ac43c       0x30 c:/nxp/bstudio_nxp/sdk/tools/ba-elf-ba2-r36379/bin/../lib/gcc/ba-elf/4.7.4/mcpu_jn51xx_sizeopt\libgcc.a(__divsi3.o)
                0x00000000000ac43c                __divsi3
 .text          0x00000000000ac46c      0x1b0 c:/nxp/bstudio_nxp/sdk/tools/ba-elf-ba2-r36379/bin/../lib/gcc/ba-elf/4.7.4/mcpu_jn51xx_sizeopt\libgcc.a(__umodsi3.o)
                0x00000000000ac46c                __umodsi3
 .text          0x00000000000ac61c       0x24 c:/nxp/bstudio_nxp/sdk/tools/ba-elf-ba2-r36379/bin/../lib/gcc/ba-elf/4.7.4/mcpu_jn51xx_sizeopt\libgcc.a(__modsi3.o)
                0x00000000000ac61c                __modsi3
 .text          0x00000000000ac640      0x350 c:/nxp/bstudio_nxp/sdk/tools/ba-elf-ba2-r36379/bin/../lib/gcc/ba-elf/4.7.4/mcpu_jn51xx_sizeopt\libgcc.a(_udivdi3.o)
                0x00000000000ac640                __udivdi3
 *fill*         0x00000000000ac990        0x0 00
 .text          0x00000000000ac990      0x148 os_irq.o
                0x00000000000ac990                os_ExternalException_W
                0x00000000000ac9d4                os_PIC_ChannelPriorities
                0x00000000000ac9e4                os_OSMIUM_HwVectTable
                0x00000000000aca20                os_PIC_SwVectTable
 .text          0x00000000000acad8       0x29 os_irq_alignment.o
                0x00000000000acad8                IRQ_Alignment
 .text          0x00000000000acb01       0x29 os_irq_buserror.o
                0x00000000000acb01                IRQ_BusError
 .text          0x00000000000acb2a       0x29 os_irq_illegalinstruction.o
                0x00000000000acb2a                IRQ_IllegalInstruction
 .text          0x00000000000acb53       0x29 os_irq_stackoverflowexception.o
                0x00000000000acb53                IRQ_StackOverflowException
 .text          0x00000000000acb7c       0x29 os_irq_unimplementedmodule.o
                0x00000000000acb7c                IRQ_UnimplementedModule
 *fill*         0x00000000000acba5        0x3 00
 .text          0x00000000000acba8       0xc0 c:/nxp/bstudio_nxp/workspace/JN-AN-1223v1014/Admin/JN-AN-1223-ZigBee-IoT-Gateway-Control-Bridge-v1014/../../../../sdk/JN-SW-4168/Components/Library\libOS_JN516x.a(os_contirq_JN516x.o)
                0x00000000000acba8                os_ExternalException_R
                0x00000000000acbd8                os_CFunc_W
                0x00000000000acc28                os_UnclaimedException_W
                0x00000000000acc48                os_UnclaimedInterrupt_W
 .text          0x00000000000acc68       0x48 c:/nxp/bstudio_nxp/workspace/JN-AN-1223v1014/Admin/JN-AN-1223-ZigBee-IoT-Gateway-Control-Bridge-v1014/../../../../sdk/JN-SW-4168/Components/Library\libPWRM_JN516x.a(pwrm_setjmp_JN516x.o)
                0x00000000000acc68                setjmp
                0x00000000000acc8c                PWRM_longjmp
 .text          0x00000000000accb0       0x27 c:/nxp/bstudio_nxp/workspace/JN-AN-1223v1014/Admin/JN-AN-1223-ZigBee-IoT-Gateway-Control-Bridge-v1014/../../../../sdk/JN-SW-4168/Components/Library\libHardwareApi_JN516x.a(AHI_Interrupt.o)
                0x00000000000accb0                vAHI_InterruptSetPriority
                0x00000000000accce                vAHI_InterruptSetActivePriorityLevel
 .text.vMicroSyscall
                0x00000000000accd7       0x17 c:/nxp/bstudio_nxp/workspace/JN-AN-1223v1014/Admin/JN-AN-1223-ZigBee-IoT-Gateway-Control-Bridge-v1014/../../../../sdk/JN-SW-4168/Components/Library\libMicroSpecific_JN516x.a(MicroSyscall_ba.o)
                0x00000000000accd7                vMicroSyscall
 .text          0x00000000000accee        0x0 c:/nxp/bstudio_nxp/workspace/JN-AN-1223v1014/Admin/JN-AN-1223-ZigBee-IoT-Gateway-Control-Bridge-v1014/../../../../sdk/JN-SW-4168/Components/Library\libOS_JN516x.a(os_version_lc.o)
                0x00000000000accee                OS_Version_1v2
 .text          0x00000000000accee        0x0 c:/nxp/bstudio_nxp/workspace/JN-AN-1223v1014/Admin/JN-AN-1223-ZigBee-IoT-Gateway-Control-Bridge-v1014/../../../../sdk/JN-SW-4168/Components/Library\libZPSAPL_JN516x.a(zps_apl_version_lc.o)
                0x00000000000accee                ZPS_APL_Version_2v0
 .text          0x00000000000accee        0x0 c:/nxp/bstudio_nxp/workspace/JN-AN-1223v1014/Admin/JN-AN-1223-ZigBee-IoT-Gateway-Control-Bridge-v1014/../../../../sdk/JN-SW-4168/Components/Library\libZPSNWK_JN516x.a(zps_nwk_version_lc.o)
                0x00000000000accee                ZPS_NWK_Version_2v0
                0x00000000000accee                _flash_end = ABSOLUTE (.)

.rela.dyn       0x00000000000accf0        0x0
 .rela.text     0x0000000000000000        0x0 os_irq.o
 .rela.data     0x0000000000000000        0x0 os_irq.o
 .rela.rodata   0x0000000000000000        0x0 os_irq.o
 .rela.text.unlikely
                0x0000000000000000        0x0 os_irq.o
                0x000000000400004c                . = ORIGIN (ram)

.data           0x000000000400004c      0x974 load address 0x00000000000accf0
                0x000000000400004c                _ram_data_start = ABSOLUTE (.)
 *(.data*)
 .data          0x000000000400004c       0x10 C:\Users\nxf37702\AppData\Local\Temp\cco4qXOv.ltrans0.ltrans.o
                0x000000000400004c                sZllState
 .data          0x000000000400005c      0x1d0 C:\Users\nxf37702\AppData\Local\Temp\cco4qXOv.ltrans1.ltrans.o
                0x000000000400005c                sCLD_Groups
 .data          0x000000000400022c       0x24 C:\Users\nxf37702\AppData\Local\Temp\cco4qXOv.ltrans2.ltrans.o
                0x000000000400022c                u32HeapStart
 .data          0x0000000004000250        0x1 C:\Users\nxf37702\AppData\Local\Temp\cco4qXOv.ltrans6.ltrans.o
 .data          0x0000000004000251        0x1 C:\Users\nxf37702\AppData\Local\Temp\cco4qXOv.ltrans12.ltrans.o
 *fill*         0x0000000004000252        0x2 00
 .data          0x0000000004000254       0x14 C:\Users\nxf37702\AppData\Local\Temp\cco4qXOv.ltrans14.ltrans.o
                0x0000000004000254                bCanLoopback.107785
 .data          0x0000000004000268        0x8 C:\Users\nxf37702\AppData\Local\Temp\cco4qXOv.ltrans16.ltrans.o
                0x0000000004000268                u8MiniMacConfig_MaxConcurrentAssocResponses
                0x000000000400026c                psShadowRxBuffer
 .data          0x0000000004000270       0x28 C:\Users\nxf37702\AppData\Local\Temp\cco4qXOv.ltrans26.ltrans.o
                0x0000000004000270                sDeviceTable
                0x0000000004000288                s_sLedState
 .data          0x0000000004000298       0x60 C:\Users\nxf37702\AppData\Local\Temp\cco4qXOv.ltrans28.ltrans.o
                0x0000000004000298                s_asapdujumboInstances
                0x00000000040002b0                s_asapduZDPInstances
 .data          0x00000000040002f8        0xc C:\Users\nxf37702\AppData\Local\Temp\cco4qXOv.ltrans29.ltrans.o
                0x00000000040002f8                u8AhiBaudRate.186471
                0x00000000040002fc                s_prbMemberCheck.101808
                0x0000000004000300                g_u8ZpsExpiryMaxCount
 *fill*         0x0000000004000304        0x4 00
 .data          0x0000000004000308      0x6a0 C:\Users\nxf37702\AppData\Local\Temp\cco4qXOv.ltrans31.ltrans.o
                0x0000000004000308                s_keyPairTableStorage.3144
                0x0000000004000368                os_Mutex_mutexMAC
                0x0000000004000370                os_Mutex_mutexZPS
                0x0000000004000378                s_sApl.3096
                0x00000000040004c8                os_Message_APP_msgZpsEvents
                0x00000000040004ec                os_Message_APP_msgEvents
                0x0000000004000510                os_Message_APP_CommissionEvents
                0x0000000004000534                os_Message_APP_msgZpsEvents_ZCL
                0x0000000004000558                os_Task_zps_taskZPS
                0x0000000004000564                os_Task_APP_taskAtParser
                0x0000000004000570                s_asTasks.1366
                0x0000000004000590                os_SWTimer_APP_cntrTickTimer_APP_tmrToggleLED
                0x00000000040005ac                os_SWTimer_APP_cntrTickTimer_APP_CommissionTimer
                0x00000000040005c8                os_SWTimer_APP_cntrTickTimer_APP_TickTimer
                0x00000000040005e4                os_SWTimer_APP_cntrTickTimer_APP_IdTimer
                0x0000000004000600                os_SWTimer_APP_cntrTickTimer_App_HAModeTimer
                0x000000000400061c                os_SWTimer_APP_cntrTickTimer_APP_AgeOutChildrenTmr
                0x0000000004000638                os_Message_APP_msgSerialTx
                0x000000000400065c                s_prvErrorHook.101806
 .data.s_asAPduPool
                0x00000000040009a8       0x18 pdum_apdu.o
                0x00000000040009a8                pdum_apduZDP
                0x00000000040009a8                s_asAPduPool
                0x00000000040009b4                pdum_apdujumbo
 *(.data.*)
                0x00000000040009c0                . = ALIGN (0x4)
                0x00000000040009c0                _ram_data_end = ABSOLUTE (.)

.bss            0x00000000040009c0     0x55f0 load address 0x00000000000ad664
                0x00000000040009c0                _bss_start = ABSOLUTE (.)
 *(.bss*)
 .bss           0x00000000040009c0      0xd80 C:\Users\nxf37702\AppData\Local\Temp\cco4qXOv.ltrans0.ltrans.o
                0x00000000040009c0                sMiniMacPib
                0x0000000004000a5c                pfTKDfunc
                0x0000000004000a60                psZCL_Common
                0x0000000004000a64                bBlackListEnable
                0x0000000004000a65                bSendFactoryResetOverAir
                0x0000000004000a68                u32OldFrameCtr
                0x0000000004000a6c                bResetIssued
                0x0000000004000a70                sDeviceDesc
                0x0000000004000a74                u32ChannelMask
                0x0000000004000a78                sControlBridge
                0x0000000004001618                sCommission
                0x0000000004001630                au8LinkRxBuffer
 .bss           0x0000000004001740     0x1128 C:\Users\nxf37702\AppData\Local\Temp\cco4qXOv.ltrans1.ltrans.o
                0x0000000004001740                gu16NumberOfSegments.211878
                0x0000000004001744                psPDM_Common
                0x0000000004001748                s_psNPduPoolEnd.102123
                0x000000000400174c                s_psNPduPoolStart.102122
                0x0000000004001750                s_psFreeListHead.102119
                0x0000000004001754                s_hMutex.102118
                0x0000000004001758                s_hMutex.102238
                0x000000000400175c                s_asAPduPool.102237
                0x0000000004001760                sScenesCustomData.12411
                0x0000000004001770                psAplDefaultZLLAPSLinkKey
                0x0000000004001774                pfExtendedStatusCallBack.190819
                0x0000000004001778                sReversedMacAddr.210258
                0x0000000004001780                sThisDeviceMacAddr
 .bss           0x0000000004002868      0x131 C:\Users\nxf37702\AppData\Local\Temp\cco4qXOv.ltrans2.ltrans.o
                0x0000000004002868                RoundKey
                0x0000000004002958                state
 *fill*         0x0000000004002999        0x3 00
 .bss           0x000000000400299c        0x4 C:\Users\nxf37702\AppData\Local\Temp\cco4qXOv.ltrans3.ltrans.o
 .bss           0x00000000040029a0       0x10 C:\Users\nxf37702\AppData\Local\Temp\cco4qXOv.ltrans4.ltrans.o
 .bss           0x00000000040029b0       0x18 C:\Users\nxf37702\AppData\Local\Temp\cco4qXOv.ltrans5.ltrans.o
                0x00000000040029b0                eMMacModuleType
                0x00000000040029b4                prIntHandler.210625
                0x00000000040029b8                psTimerServerList
 .bss.initinboot
                0x00000000040029c8        0x1 C:\Users\nxf37702\AppData\Local\Temp\cco4qXOv.ltrans5.ltrans.o
 *fill*         0x00000000040029c9        0x7 00
 .bss           0x00000000040029d0       0x68 C:\Users\nxf37702\AppData\Local\Temp\cco4qXOv.ltrans6.ltrans.o
                0x00000000040029d0                bAHI_ExtendedTemperatureOperation
                0x00000000040029d4                g_tSpiConfiguration
                0x00000000040029d8                s_psCurrentTask.101802
 .bss           0x0000000004002a38        0xc C:\Users\nxf37702\AppData\Local\Temp\cco4qXOv.ltrans7.ltrans.o
                0x0000000004002a38                a16NwkPdmRecordSizes
 .bss           0x0000000004002a44       0x34 C:\Users\nxf37702\AppData\Local\Temp\cco4qXOv.ltrans8.ltrans.o
 .bss           0x0000000004002a78        0x4 C:\Users\nxf37702\AppData\Local\Temp\cco4qXOv.ltrans9.ltrans.o
                0x0000000004002a78                zps_psNwk
 .bss           0x0000000004002a7c        0x1 C:\Users\nxf37702\AppData\Local\Temp\cco4qXOv.ltrans10.ltrans.o
                0x0000000004002a7c                u8ScanBeaconsSeen.101479
 *fill*         0x0000000004002a7d        0x3 00
 .bss           0x0000000004002a80        0x8 C:\Users\nxf37702\AppData\Local\Temp\cco4qXOv.ltrans11.ltrans.o
 .bss           0x0000000004002a88       0x98 C:\Users\nxf37702\AppData\Local\Temp\cco4qXOv.ltrans12.ltrans.o
                0x0000000004002a88                s_prExpireFn.212106
                0x0000000004002a8c                aprTimerCallback
                0x0000000004002aac                au32TimerCounter
                0x0000000004002acc                sMiniMacInternal
                0x0000000004002af8                u32DataQueueCount
 .bss           0x0000000004002b20       0x2c C:\Users\nxf37702\AppData\Local\Temp\cco4qXOv.ltrans13.ltrans.o
                0x0000000004002b20                pfOptionsFilterCallback